Archive member included to satisfy reference by file (symbol)

c:/microsemi/softconsole_v5.2.0.15/riscv-unknown-elf-gcc/bin/../lib/gcc/riscv64-unknown-elf/7.1.1/rv32im/ilp32\libgcc.a(_udivdi3.o)
                              ./kernel/base/core/los_sys.o (__udivdi3)
c:/microsemi/softconsole_v5.2.0.15/riscv-unknown-elf-gcc/bin/../lib/gcc/riscv64-unknown-elf/7.1.1/rv32im/ilp32\libgcc.a(divdf3.o)
                              ./kernel/base/core/los_sys.o (__divdf3)
c:/microsemi/softconsole_v5.2.0.15/riscv-unknown-elf-gcc/bin/../lib/gcc/riscv64-unknown-elf/7.1.1/rv32im/ilp32\libgcc.a(fixunsdfdi.o)
                              ./kernel/base/core/los_sys.o (__fixunsdfdi)
c:/microsemi/softconsole_v5.2.0.15/riscv-unknown-elf-gcc/bin/../lib/gcc/riscv64-unknown-elf/7.1.1/rv32im/ilp32\libgcc.a(floatundidf.o)
                              ./kernel/base/core/los_sys.o (__floatundidf)
c:/microsemi/softconsole_v5.2.0.15/riscv-unknown-elf-gcc/bin/../lib/gcc/riscv64-unknown-elf/7.1.1/rv32im/ilp32\libgcc.a(_clz.o)
                              c:/microsemi/softconsole_v5.2.0.15/riscv-unknown-elf-gcc/bin/../lib/gcc/riscv64-unknown-elf/7.1.1/rv32im/ilp32\libgcc.a(_udivdi3.o) (__clz_tab)
c:/microsemi/softconsole_v5.2.0.15/riscv-unknown-elf-gcc/bin/../lib/gcc/riscv64-unknown-elf/7.1.1/rv32im/ilp32\libgcc.a(_clzsi2.o)
                              c:/microsemi/softconsole_v5.2.0.15/riscv-unknown-elf-gcc/bin/../lib/gcc/riscv64-unknown-elf/7.1.1/rv32im/ilp32\libgcc.a(divdf3.o) (__clzsi2)
c:/microsemi/softconsole_v5.2.0.15/riscv-unknown-elf-gcc/bin/../lib/gcc/riscv64-unknown-elf/7.1.1/../../../../riscv64-unknown-elf/lib/rv32im/ilp32\libg_nano.a(lib_a-memcpy.o)
                              ./kernel/base/mem/los_memory.o (memcpy)
c:/microsemi/softconsole_v5.2.0.15/riscv-unknown-elf-gcc/bin/../lib/gcc/riscv64-unknown-elf/7.1.1/../../../../riscv64-unknown-elf/lib/rv32im/ilp32\libg_nano.a(lib_a-memset.o)
                              ./user/main.o (memset)
c:/microsemi/softconsole_v5.2.0.15/riscv-unknown-elf-gcc/bin/../lib/gcc/riscv64-unknown-elf/7.1.1/../../../../riscv64-unknown-elf/lib/rv32im/ilp32\libg_nano.a(lib_a-printf.o)
                              ./example/api/los_inspect_entry.o (printf)
c:/microsemi/softconsole_v5.2.0.15/riscv-unknown-elf-gcc/bin/../lib/gcc/riscv64-unknown-elf/7.1.1/../../../../riscv64-unknown-elf/lib/rv32im/ilp32\libg_nano.a(lib_a-sysisatty.o)
                              ./platform/M2S150_RV32/riscv_hal/syscall.o (isatty)
c:/microsemi/softconsole_v5.2.0.15/riscv-unknown-elf-gcc/bin/../lib/gcc/riscv64-unknown-elf/7.1.1/../../../../riscv64-unknown-elf/lib/rv32im/ilp32\libg_nano.a(lib_a-syswrite.o)
                              ./platform/M2S150_RV32/riscv_hal/riscv_hal.o (write)
c:/microsemi/softconsole_v5.2.0.15/riscv-unknown-elf-gcc/bin/../lib/gcc/riscv64-unknown-elf/7.1.1/../../../../riscv64-unknown-elf/lib/rv32im/ilp32\libg_nano.a(lib_a-vsprintf.o)
                              ./platform/M2S150_RV32/los_bsp_uart.o (vsprintf)
c:/microsemi/softconsole_v5.2.0.15/riscv-unknown-elf-gcc/bin/../lib/gcc/riscv64-unknown-elf/7.1.1/../../../../riscv64-unknown-elf/lib/rv32im/ilp32\libg_nano.a(lib_a-writer.o)
                              c:/microsemi/softconsole_v5.2.0.15/riscv-unknown-elf-gcc/bin/../lib/gcc/riscv64-unknown-elf/7.1.1/../../../../riscv64-unknown-elf/lib/rv32im/ilp32\libg_nano.a(lib_a-syswrite.o) (_write_r)
c:/microsemi/softconsole_v5.2.0.15/riscv-unknown-elf-gcc/bin/../lib/gcc/riscv64-unknown-elf/7.1.1/../../../../riscv64-unknown-elf/lib/rv32im/ilp32\libg_nano.a(lib_a-findfp.o)
                              c:/microsemi/softconsole_v5.2.0.15/riscv-unknown-elf-gcc/bin/../lib/gcc/riscv64-unknown-elf/7.1.1/../../../../riscv64-unknown-elf/lib/rv32im/ilp32\libg_nano.a(lib_a-printf.o) (__sinit)
c:/microsemi/softconsole_v5.2.0.15/riscv-unknown-elf-gcc/bin/../lib/gcc/riscv64-unknown-elf/7.1.1/../../../../riscv64-unknown-elf/lib/rv32im/ilp32\libg_nano.a(lib_a-fwalk.o)
                              c:/microsemi/softconsole_v5.2.0.15/riscv-unknown-elf-gcc/bin/../lib/gcc/riscv64-unknown-elf/7.1.1/../../../../riscv64-unknown-elf/lib/rv32im/ilp32\libg_nano.a(lib_a-findfp.o) (_fwalk)
c:/microsemi/softconsole_v5.2.0.15/riscv-unknown-elf-gcc/bin/../lib/gcc/riscv64-unknown-elf/7.1.1/../../../../riscv64-unknown-elf/lib/rv32im/ilp32\libg_nano.a(lib_a-impure.o)
                              c:/microsemi/softconsole_v5.2.0.15/riscv-unknown-elf-gcc/bin/../lib/gcc/riscv64-unknown-elf/7.1.1/../../../../riscv64-unknown-elf/lib/rv32im/ilp32\libg_nano.a(lib_a-findfp.o) (_global_impure_ptr)
c:/microsemi/softconsole_v5.2.0.15/riscv-unknown-elf-gcc/bin/../lib/gcc/riscv64-unknown-elf/7.1.1/../../../../riscv64-unknown-elf/lib/rv32im/ilp32\libg_nano.a(lib_a-nano-mallocr.o)
                              c:/microsemi/softconsole_v5.2.0.15/riscv-unknown-elf-gcc/bin/../lib/gcc/riscv64-unknown-elf/7.1.1/../../../../riscv64-unknown-elf/lib/rv32im/ilp32\libg_nano.a(lib_a-findfp.o) (_malloc_r)
[...]
Memory Configuration

Name             Origin             Length             Attributes
ram              0x0000000080000000 0x0000000000080000 xrw
*default*        0x0000000000000000 0xffffffffffffffff

Linker script and memory map

LOAD ./user/main.o
LOAD ./platform/M2S150_RV32/riscv_hal/entry.o
LOAD ./platform/M2S150_RV32/riscv_hal/init.o
LOAD ./platform/M2S150_RV32/riscv_hal/riscv_hal.o
LOAD ./platform/M2S150_RV32/riscv_hal/riscv_hal_stubs.o
LOAD ./platform/M2S150_RV32/riscv_hal/syscall.o
LOAD ./platform/M2S150_RV32/hal/hal_irq.o
LOAD ./platform/M2S150_RV32/hal/hw_reg_access.o
LOAD ./platform/M2S150_RV32/CoreUARTapb/core_uart_apb.o
LOAD ./platform/M2S150_RV32/CoreGPIO/core_gpio.o
LOAD ./platform/M2S150_RV32/los_bsp_adapter.o
LOAD ./platform/M2S150_RV32/los_bsp_key.o
LOAD ./platform/M2S150_RV32/los_bsp_led.o
LOAD ./platform/M2S150_RV32/los_bsp_uart.o
LOAD ./kernel/cpu/riscv/los_dispatch_gcc.o
LOAD ./kernel/cpu/riscv/los_hw.o
LOAD ./kernel/cpu/riscv/los_hw_tick.o
LOAD ./kernel/cpu/riscv/los_hwi.o
LOAD ./kernel/config/los_config.o
LOAD ./kernel/base/misc/los_misc.o
LOAD ./kernel/base/mem/los_membox.o
LOAD ./kernel/base/mem/los_memory.o
LOAD ./kernel/base/mem/los_memstat.o
LOAD ./kernel/base/mem/los_multipledlinkhead.o
LOAD ./kernel/base/ipc/los_event.o
LOAD ./kernel/base/ipc/los_mux.o
LOAD ./kernel/base/ipc/los_queue.o
LOAD ./kernel/base/ipc/los_sem.o
LOAD ./kernel/base/core/los_priqueue.o
LOAD ./kernel/base/core/los_swtmr.o
LOAD ./kernel/base/core/los_sys.o
LOAD ./kernel/base/core/los_task.o
LOAD ./kernel/base/core/los_tick.o
LOAD ./kernel/base/core/los_timeslice.o
LOAD ./example/api/los_api_dynamic_mem.o
LOAD ./example/api/los_api_event.o
LOAD ./example/api/los_api_fs.o
LOAD ./example/api/los_api_interrupt.o
LOAD ./example/api/los_api_list.o
LOAD ./example/api/los_api_msgqueue.o
LOAD ./example/api/los_api_mutex.o
LOAD ./example/api/los_api_sem.o
LOAD ./example/api/los_api_static_mem.o
LOAD ./example/api/los_api_systick.o
LOAD ./example/api/los_api_task.o
LOAD ./example/api/los_api_timer.o
LOAD ./example/api/los_demo_entry.o
LOAD ./example/api/los_inspect_entry.o
LOAD c:/microsemi/softconsole_v5.2.0.15/riscv-unknown-elf-gcc/bin/../lib/gcc/riscv64-unknown-elf/7.1.1/rv32im/ilp32\libgcc.a
LOAD c:/microsemi/softconsole_v5.2.0.15/riscv-unknown-elf-gcc/bin/../lib/gcc/riscv64-unknown-elf/7.1.1/../../../../riscv64-unknown-elf/lib/rv32im/ilp32\libg_nano.a
LOAD c:/microsemi/softconsole_v5.2.0.15/riscv-unknown-elf-gcc/bin/../lib/gcc/riscv64-unknown-elf/7.1.1/../../../../riscv64-unknown-elf/lib/rv32im/ilp32\libc_nano.a
LOAD c:/microsemi/softconsole_v5.2.0.15/riscv-unknown-elf-gcc/bin/../lib/gcc/riscv64-unknown-elf/7.1.1/rv32im/ilp32\libgcc.a
START GROUP
LOAD c:/microsemi/softconsole_v5.2.0.15/riscv-unknown-elf-gcc/bin/../lib/gcc/riscv64-unknown-elf/7.1.1/rv32im/ilp32\libgcc.a
LOAD c:/microsemi/softconsole_v5.2.0.15/riscv-unknown-elf-gcc/bin/../lib/gcc/riscv64-unknown-elf/7.1.1/../../../../riscv64-unknown-elf/lib/rv32im/ilp32\libc_nano.a
END GROUP
                0x0000000080000000                RAM_START_ADDRESS = 0x80000000
                0x0000000000080000                RAM_SIZE = 0x80000
                0x0000000000010000                STACK_SIZE = 0x10000
                0x0000000000010000                HEAP_SIZE = 0x10000

.text           0x0000000080000000     0xdb30
 *(SORT(.text.entry))
 .text.entry    0x0000000080000000      0x160 ./platform/M2S150_RV32/riscv_hal/entry.o
                0x0000000080000000                _start
                0x0000000080000160                . = ALIGN (0x10)
 *(.text .text.* .gnu.linkonce.t.*)
 .text.main     0x0000000080000160       0x56 ./user/main.o
                0x0000000080000160                main
 *fill*         0x00000000800001b6        0x2 
 .text.copy_section
                0x00000000800001b8       0x62 ./platform/M2S150_RV32/riscv_hal/init.o
 *fill*         0x000000008000021a        0x2 
 .text.zero_section
                0x000000008000021c       0x52 ./platform/M2S150_RV32/riscv_hal/init.o
 *fill*         0x000000008000026e        0x2 
 .text._init    0x0000000080000270       0x96 ./platform/M2S150_RV32/riscv_hal/init.o
                0x0000000080000270                _init
 *fill*         0x0000000080000306        0x2 
 .text._fini    0x0000000080000308       0x1e ./platform/M2S150_RV32/riscv_hal/init.o
                0x0000000080000308                _fini
 *fill*         0x0000000080000326        0x2 
 .text.PLIC_DisableIRQ
                0x0000000080000328       0xba ./platform/M2S150_RV32/riscv_hal/riscv_hal.o
 *fill*         0x00000000800003e2        0x2 
 .text.PLIC_ClaimIRQ
                0x00000000800003e4       0x46 ./platform/M2S150_RV32/riscv_hal/riscv_hal.o
 *fill*         0x000000008000042a        0x2 
 .text.PLIC_CompleteIRQ
                0x000000008000042c       0x4e ./platform/M2S150_RV32/riscv_hal/riscv_hal.o
 *fill*         0x000000008000047a        0x2 
 .text.__enable_irq
                0x000000008000047c       0x26 ./platform/M2S150_RV32/riscv_hal/riscv_hal.o
                0x000000008000047c                __enable_irq
 *fill*         0x00000000800004a2        0x2 
 .text.SysTick_Config
                0x00000000800004a4       0xf6 ./platform/M2S150_RV32/riscv_hal/riscv_hal.o
                0x00000000800004a4                SysTick_Config
 *fill*         0x000000008000059a        0x2 
 .text.handle_m_timer_interrupt
                0x000000008000059c       0xae ./platform/M2S150_RV32/riscv_hal/riscv_hal.o
                0x000000008000059c                handle_m_timer_interrupt
 *fill*         0x000000008000064a        0x2 
 .text.handle_m_ext_interrupt
                0x000000008000064c       0x72 ./platform/M2S150_RV32/riscv_hal/riscv_hal.o
                0x000000008000064c                handle_m_ext_interrupt
 *fill*         0x00000000800006be        0x2 
 .text.handle_m_soft_interrupt
                0x00000000800006c0       0x32 ./platform/M2S150_RV32/riscv_hal/riscv_hal.o
                0x00000000800006c0                handle_m_soft_interrupt
 *fill*         0x00000000800006f2        0x2 
 .text.handle_trap
                0x00000000800006f4       0xce ./platform/M2S150_RV32/riscv_hal/riscv_hal.o
                0x00000000800006f4                handle_trap
 *fill*         0x00000000800007c2        0x2 
 .text.Invalid_IRQHandler
                0x00000000800007c4       0x22 ./platform/M2S150_RV32/riscv_hal/riscv_hal_stubs.o
                0x00000000800007c4                Invalid_IRQHandler
 *fill*         0x00000000800007e6        0x2 
 .text.External_1_IRQHandler
                0x00000000800007e8       0x22 ./platform/M2S150_RV32/riscv_hal/riscv_hal_stubs.o
                0x00000000800007e8                External_1_IRQHandler
 *fill*         0x000000008000080a        0x2 
 .text.External_2_IRQHandler
                0x000000008000080c       0x22 ./platform/M2S150_RV32/riscv_hal/riscv_hal_stubs.o
                0x000000008000080c                External_2_IRQHandler
 *fill*         0x000000008000082e        0x2 
 .text.External_3_IRQHandler
                0x0000000080000830       0x22 ./platform/M2S150_RV32/riscv_hal/riscv_hal_stubs.o
                0x0000000080000830                External_3_IRQHandler
 *fill*         0x0000000080000852        0x2 
 .text.External_4_IRQHandler
                0x0000000080000854       0x22 ./platform/M2S150_RV32/riscv_hal/riscv_hal_stubs.o
                0x0000000080000854                External_4_IRQHandler
 *fill*         0x0000000080000876        0x2 
 .text.External_5_IRQHandler
                0x0000000080000878       0x22 ./platform/M2S150_RV32/riscv_hal/riscv_hal_stubs.o
                0x0000000080000878                External_5_IRQHandler
 *fill*         0x000000008000089a        0x2 
 .text.External_6_IRQHandler
                0x000000008000089c       0x22 ./platform/M2S150_RV32/riscv_hal/riscv_hal_stubs.o
                0x000000008000089c                External_6_IRQHandler
 *fill*         0x00000000800008be        0x2 
 .text.External_7_IRQHandler
                0x00000000800008c0       0x22 ./platform/M2S150_RV32/riscv_hal/riscv_hal_stubs.o
                0x00000000800008c0                External_7_IRQHandler
 *fill*         0x00000000800008e2        0x2 
 .text.External_8_IRQHandler
                0x00000000800008e4       0x22 ./platform/M2S150_RV32/riscv_hal/riscv_hal_stubs.o
                0x00000000800008e4                External_8_IRQHandler
 *fill*         0x0000000080000906        0x2 
 .text.External_9_IRQHandler
                0x0000000080000908       0x22 ./platform/M2S150_RV32/riscv_hal/riscv_hal_stubs.o
                0x0000000080000908                External_9_IRQHandler
 *fill*         0x000000008000092a        0x2 
 .text.External_10_IRQHandler
                0x000000008000092c       0x22 ./platform/M2S150_RV32/riscv_hal/riscv_hal_stubs.o
                0x000000008000092c                External_10_IRQHandler
 *fill*         0x000000008000094e        0x2 
 .text.External_11_IRQHandler
                0x0000000080000950       0x22 ./platform/M2S150_RV32/riscv_hal/riscv_hal_stubs.o
                0x0000000080000950                External_11_IRQHandler
 *fill*         0x0000000080000972        0x2 
 .text.External_12_IRQHandler
                0x0000000080000974       0x22 ./platform/M2S150_RV32/riscv_hal/riscv_hal_stubs.o
                0x0000000080000974                External_12_IRQHandler
 *fill*         0x0000000080000996        0x2 
 .text.External_13_IRQHandler
                0x0000000080000998       0x22 ./platform/M2S150_RV32/riscv_hal/riscv_hal_stubs.o
                0x0000000080000998                External_13_IRQHandler
 *fill*         0x00000000800009ba        0x2 
 .text.External_14_IRQHandler
                0x00000000800009bc       0x22 ./platform/M2S150_RV32/riscv_hal/riscv_hal_stubs.o
                0x00000000800009bc                External_14_IRQHandler
 *fill*         0x00000000800009de        0x2 
 .text.External_15_IRQHandler
                0x00000000800009e0       0x22 ./platform/M2S150_RV32/riscv_hal/riscv_hal_stubs.o
                0x00000000800009e0                External_15_IRQHandler
 *fill*         0x0000000080000a02        0x2 
 .text.External_16_IRQHandler
                0x0000000080000a04       0x22 ./platform/M2S150_RV32/riscv_hal/riscv_hal_stubs.o
                0x0000000080000a04                External_16_IRQHandler
 *fill*         0x0000000080000a26        0x2 
 .text.External_17_IRQHandler
                0x0000000080000a28       0x22 ./platform/M2S150_RV32/riscv_hal/riscv_hal_stubs.o
                0x0000000080000a28                External_17_IRQHandler
 *fill*         0x0000000080000a4a        0x2 
 .text.External_18_IRQHandler
                0x0000000080000a4c       0x22 ./platform/M2S150_RV32/riscv_hal/riscv_hal_stubs.o
                0x0000000080000a4c                External_18_IRQHandler
 *fill*         0x0000000080000a6e        0x2 
 .text.External_19_IRQHandler
                0x0000000080000a70       0x22 ./platform/M2S150_RV32/riscv_hal/riscv_hal_stubs.o
                0x0000000080000a70                External_19_IRQHandler
 *fill*         0x0000000080000a92        0x2 
 .text.External_20_IRQHandler
                0x0000000080000a94       0x22 ./platform/M2S150_RV32/riscv_hal/riscv_hal_stubs.o
                0x0000000080000a94                External_20_IRQHandler
 *fill*         0x0000000080000ab6        0x2 
 .text.External_21_IRQHandler
                0x0000000080000ab8       0x22 ./platform/M2S150_RV32/riscv_hal/riscv_hal_stubs.o
                0x0000000080000ab8                External_21_IRQHandler
 *fill*         0x0000000080000ada        0x2 
 .text.External_22_IRQHandler
                0x0000000080000adc       0x22 ./platform/M2S150_RV32/riscv_hal/riscv_hal_stubs.o
                0x0000000080000adc                External_22_IRQHandler
 *fill*         0x0000000080000afe        0x2 
 .text.External_23_IRQHandler
                0x0000000080000b00       0x22 ./platform/M2S150_RV32/riscv_hal/riscv_hal_stubs.o
                0x0000000080000b00                External_23_IRQHandler
 *fill*         0x0000000080000b22        0x2 
 .text.External_24_IRQHandler
                0x0000000080000b24       0x22 ./platform/M2S150_RV32/riscv_hal/riscv_hal_stubs.o
                0x0000000080000b24                External_24_IRQHandler
 *fill*         0x0000000080000b46        0x2 
 .text.External_25_IRQHandler
                0x0000000080000b48       0x22 ./platform/M2S150_RV32/riscv_hal/riscv_hal_stubs.o
                0x0000000080000b48                External_25_IRQHandler
 *fill*         0x0000000080000b6a        0x2 
 .text.External_26_IRQHandler
                0x0000000080000b6c       0x22 ./platform/M2S150_RV32/riscv_hal/riscv_hal_stubs.o
                0x0000000080000b6c                External_26_IRQHandler
 *fill*         0x0000000080000b8e        0x2 
 .text.External_27_IRQHandler
                0x0000000080000b90       0x22 ./platform/M2S150_RV32/riscv_hal/riscv_hal_stubs.o
                0x0000000080000b90                External_27_IRQHandler
 *fill*         0x0000000080000bb2        0x2 
 .text.External_28_IRQHandler
                0x0000000080000bb4       0x22 ./platform/M2S150_RV32/riscv_hal/riscv_hal_stubs.o
                0x0000000080000bb4                External_28_IRQHandler
 *fill*         0x0000000080000bd6        0x2 
 .text.External_29_IRQHandler
                0x0000000080000bd8       0x22 ./platform/M2S150_RV32/riscv_hal/riscv_hal_stubs.o
                0x0000000080000bd8                External_29_IRQHandler
 *fill*         0x0000000080000bfa        0x2 
 .text.External_30_IRQHandler
                0x0000000080000bfc       0x22 ./platform/M2S150_RV32/riscv_hal/riscv_hal_stubs.o
                0x0000000080000bfc                External_30_IRQHandler
 *fill*         0x0000000080000c1e        0x2 
 .text.External_31_IRQHandler
                0x0000000080000c20       0x22 ./platform/M2S150_RV32/riscv_hal/riscv_hal_stubs.o
                0x0000000080000c20                External_31_IRQHandler
 *fill*         0x0000000080000c42        0x2 
 .text._exit    0x0000000080000c44       0x16 ./platform/M2S150_RV32/riscv_hal/syscall.o
                0x0000000080000c44                _exit
 *fill*         0x0000000080000c5a        0x2 
 .text._sbrk    0x0000000080000c5c       0x8e ./platform/M2S150_RV32/riscv_hal/syscall.o
                0x0000000080000c5c                _sbrk
 *fill*         0x0000000080000cea        0x2 
 .text._isatty  0x0000000080000cec       0x4e ./platform/M2S150_RV32/riscv_hal/syscall.o
                0x0000000080000cec                _isatty
 *fill*         0x0000000080000d3a        0x2 
 .text.stub     0x0000000080000d3c       0x2e ./platform/M2S150_RV32/riscv_hal/syscall.o
 *fill*         0x0000000080000d6a        0x2 
 .text._close   0x0000000080000d6c       0x36 ./platform/M2S150_RV32/riscv_hal/syscall.o
                0x0000000080000d6c                _close
 *fill*         0x0000000080000da2        0x2 
 .text._fstat   0x0000000080000da4       0x5e ./platform/M2S150_RV32/riscv_hal/syscall.o
                0x0000000080000da4                _fstat
 *fill*         0x0000000080000e02        0x2 
 .text._lseek   0x0000000080000e04       0x56 ./platform/M2S150_RV32/riscv_hal/syscall.o
                0x0000000080000e04                _lseek
 *fill*         0x0000000080000e5a        0x2 
 .text._read    0x0000000080000e5c       0x3e ./platform/M2S150_RV32/riscv_hal/syscall.o
                0x0000000080000e5c                _read
 *fill*         0x0000000080000e9a        0x2 
 .text._write   0x0000000080000e9c       0x3e ./platform/M2S150_RV32/riscv_hal/syscall.o
                0x0000000080000e9c                _write
 *fill*         0x0000000080000eda        0x2 
 .text          0x0000000080000edc       0xd8 ./platform/M2S150_RV32/hal/hw_reg_access.o
                0x0000000080000edc                HW_set_32bit_reg
                0x0000000080000ee4                HW_get_32bit_reg
                0x0000000080000eec                HW_set_32bit_reg_field
                0x0000000080000f14                HW_get_32bit_reg_field
                0x0000000080000f24                HW_set_16bit_reg
                0x0000000080000f2c                HW_get_16bit_reg
                0x0000000080000f34                HW_set_16bit_reg_field
                0x0000000080000f5c                HW_get_16bit_reg_field
                0x0000000080000f6c                HW_set_8bit_reg
                0x0000000080000f74                HW_get_8bit_reg
                0x0000000080000f7c                HW_set_8bit_reg_field
                0x0000000080000fa4                HW_get_8bit_reg_field
 .text.UART_init
                0x0000000080000fb4      0x11a ./platform/M2S150_RV32/CoreUARTapb/core_uart_apb.o
                0x0000000080000fb4                UART_init
 *fill*         0x00000000800010ce        0x2 
 .text.UART_send
                0x00000000800010d0       0xb6 ./platform/M2S150_RV32/CoreUARTapb/core_uart_apb.o
                0x00000000800010d0                UART_send
 *fill*         0x0000000080001186        0x2 
 .text.GPIO_init
                0x0000000080001188      0x176 ./platform/M2S150_RV32/CoreGPIO/core_gpio.o
                0x0000000080001188                GPIO_init
 *fill*         0x00000000800012fe        0x2 
 .text.GPIO_config
                0x0000000080001300       0x6a ./platform/M2S150_RV32/CoreGPIO/core_gpio.o
                0x0000000080001300                GPIO_config
 *fill*         0x000000008000136a        0x2 
 .text.GPIO_get_inputs
                0x000000008000136c      0x17a ./platform/M2S150_RV32/CoreGPIO/core_gpio.o
                0x000000008000136c                GPIO_get_inputs
 *fill*         0x00000000800014e6        0x2 
 .text.GPIO_set_output
                0x00000000800014e8      0x23e ./platform/M2S150_RV32/CoreGPIO/core_gpio.o
                0x00000000800014e8                GPIO_set_output
 *fill*         0x0000000080001726        0x2 
 .text.osTickStart
                0x0000000080001728       0x5e ./platform/M2S150_RV32/los_bsp_adapter.o
                0x0000000080001728                osTickStart
 *fill*         0x0000000080001786        0x2 
 .text.SysTick_Handler
                0x0000000080001788       0x2a ./platform/M2S150_RV32/los_bsp_adapter.o
                0x0000000080001788                SysTick_Handler
 *fill*         0x00000000800017b2        0x2 
 .text.LosAdapIntInit
                0x00000000800017b4       0x1e ./platform/M2S150_RV32/los_bsp_adapter.o
                0x00000000800017b4                LosAdapIntInit
 *fill*         0x00000000800017d2        0x2 
 .text.LOS_EvbSetup
                0x00000000800017d4       0x32 ./platform/M2S150_RV32/los_bsp_adapter.o
                0x00000000800017d4                LOS_EvbSetup
 *fill*         0x0000000080001806        0x2 
 .text.LOS_EvbKeyInit
                0x0000000080001808       0x76 ./platform/M2S150_RV32/los_bsp_key.o
                0x0000000080001808                LOS_EvbKeyInit
 *fill*         0x000000008000187e        0x2 
 .text.LOS_EvbGetKeyVal
                0x0000000080001880       0x5e ./platform/M2S150_RV32/los_bsp_key.o
                0x0000000080001880                LOS_EvbGetKeyVal
 *fill*         0x00000000800018de        0x2 
 .text.LOS_EvbLedInit
                0x00000000800018e0       0xb6 ./platform/M2S150_RV32/los_bsp_led.o
                0x00000000800018e0                LOS_EvbLedInit
 *fill*         0x0000000080001996        0x2 
 .text.LOS_EvbLedControl
                0x0000000080001998       0x4a ./platform/M2S150_RV32/los_bsp_led.o
                0x0000000080001998                LOS_EvbLedControl
 *fill*         0x00000000800019e2        0x2 
 .text.LOS_EvbUartInit
                0x00000000800019e4       0x3a ./platform/M2S150_RV32/los_bsp_uart.o
                0x00000000800019e4                LOS_EvbUartInit
 *fill*         0x0000000080001a1e        0x2 
 .text.LOS_EvbUartWriteByte
                0x0000000080001a20       0x42 ./platform/M2S150_RV32/los_bsp_uart.o
                0x0000000080001a20                LOS_EvbUartWriteByte
 *fill*         0x0000000080001a62        0x2 
 .text.LOS_EvbUartPrintf
                0x0000000080001a64       0xa6 ./platform/M2S150_RV32/los_bsp_uart.o
                0x0000000080001a64                LOS_EvbUartPrintf
 *fill*         0x0000000080001b0a        0x2 
 .text          0x0000000080001b0c      0x20c ./kernel/cpu/riscv/los_dispatch_gcc.o
                0x0000000080001b0c                LOS_StartToRun
                0x0000000080001bdc                LOS_IntNumGet
                0x0000000080001bec                osDisableIRQ
                0x0000000080001bf8                LOS_IntLock
                0x0000000080001c08                LOS_IntUnLock
                0x0000000080001c18                LOS_IntRestore
                0x0000000080001c20                osTaskSchedule
                0x0000000080001c38                Software_IRQHandler
 .text.osSchedule
                0x0000000080001d18       0x2a ./kernel/cpu/riscv/los_hw.o
                0x0000000080001d18                osSchedule
 *fill*         0x0000000080001d42        0x2 
 .text.LOS_Schedule
                0x0000000080001d44       0x82 ./kernel/cpu/riscv/los_hw.o
                0x0000000080001d44                LOS_Schedule
 *fill*         0x0000000080001dc6        0x2 
 .text.osTaskExit
                0x0000000080001dc8       0x1a ./kernel/cpu/riscv/los_hw.o
                0x0000000080001dc8                osTaskExit
 *fill*         0x0000000080001de2        0x2 
 .text.osTskStackInit
                0x0000000080001de4      0x292 ./kernel/cpu/riscv/los_hw.o
                0x0000000080001de4                osTskStackInit
 *fill*         0x0000000080002076        0x2 
 .text.LOS_TickHandler
                0x0000000080002078       0x62 ./kernel/cpu/riscv/los_hw_tick.o
                0x0000000080002078                LOS_TickHandler
 *fill*         0x00000000800020da        0x2 
 .text.LOS_SetTickSycle
                0x00000000800020dc       0x2a ./kernel/cpu/riscv/los_hw_tick.o
                0x00000000800020dc                LOS_SetTickSycle
 *fill*         0x0000000080002106        0x2 
 .text.osIntNumGet
                0x0000000080002108       0x32 ./kernel/cpu/riscv/los_hwi.o
                0x0000000080002108                osIntNumGet
 *fill*         0x000000008000213a        0x2 
 .text.osHwiDefaultHandler
                0x000000008000213c       0x1e ./kernel/cpu/riscv/los_hwi.o
                0x000000008000213c                osHwiDefaultHandler
 *fill*         0x000000008000215a        0x2 
 .text.osHwiInit
                0x000000008000215c       0x6e ./kernel/cpu/riscv/los_hwi.o
                0x000000008000215c                osHwiInit
 *fill*         0x00000000800021ca        0x2 
 .text.osRegister
                0x00000000800021cc       0x3e ./kernel/config/los_config.o
                0x00000000800021cc                osRegister
 *fill*         0x000000008000220a        0x2 
 .text.LOS_EnableTick
                0x000000008000220c       0x42 ./kernel/config/los_config.o
                0x000000008000220c                LOS_EnableTick
 *fill*         0x000000008000224e        0x2 
 .text.LOS_Start
                0x0000000080002250       0x32 ./kernel/config/los_config.o
                0x0000000080002250                LOS_Start
 *fill*         0x0000000080002282        0x2 
 .text.osMain   0x0000000080002284       0xea ./kernel/config/los_config.o
                0x0000000080002284                osMain
 *fill*         0x000000008000236e        0x2 
 .text.LOS_KernelInit
                0x0000000080002370       0x46 ./kernel/config/los_config.o
                0x0000000080002370                LOS_KernelInit
 *fill*         0x00000000800023b6        0x2 
 .text.LOS_Align
                0x00000000800023b8       0x6e ./kernel/base/misc/los_misc.o
                0x00000000800023b8                LOS_Align
 *fill*         0x0000000080002426        0x2 
 .text.osCheckBoxMem
                0x0000000080002428       0xaa ./kernel/base/mem/los_membox.o
 *fill*         0x00000000800024d2        0x2 
 .text.LOS_MemboxInit
                0x00000000800024d4      0x13e ./kernel/base/mem/los_membox.o
                0x00000000800024d4                LOS_MemboxInit
 *fill*         0x0000000080002612        0x2 
 .text.LOS_MemboxAlloc
                0x0000000080002614       0xb6 ./kernel/base/mem/los_membox.o
                0x0000000080002614                LOS_MemboxAlloc
 *fill*         0x00000000800026ca        0x2 
 .text.LOS_MemboxFree
                0x00000000800026cc       0xb2 ./kernel/base/mem/los_membox.o
                0x00000000800026cc                LOS_MemboxFree
 *fill*         0x000000008000277e        0x2 
 .text.LOS_MemboxClr
                0x0000000080002780       0x66 ./kernel/base/mem/los_membox.o
                0x0000000080002780                LOS_MemboxClr
 *fill*         0x00000000800027e6        0x2 
 .text.LOS_ListAdd
                0x00000000800027e8       0x5e ./kernel/base/mem/los_memory.o
 *fill*         0x0000000080002846        0x2 
 .text.LOS_ListTailInsert
                0x0000000080002848       0x42 ./kernel/base/mem/los_memory.o
 *fill*         0x000000008000288a        0x2 
 .text.LOS_ListDelete
                0x000000008000288c       0x5a ./kernel/base/mem/los_memory.o
 *fill*         0x00000000800028e6        0x2 
 .text.LOS_DLnkNextMultiHead
                0x00000000800028e8       0x4e ./kernel/base/mem/los_memory.o
 *fill*         0x0000000080002936        0x2 
 .text.osMemSystemInit
                0x0000000080002938       0x4a ./kernel/base/mem/los_memory.o
                0x0000000080002938                osMemSystemInit
 *fill*         0x0000000080002982        0x2 
 .text.osMemFindSuitableFreeBlock
                0x0000000080002984       0xb6 ./kernel/base/mem/los_memory.o
 *fill*         0x0000000080002a3a        0x2 
 .text.osMemClearNode
                0x0000000080002a3c       0x3a ./kernel/base/mem/los_memory.o
 *fill*         0x0000000080002a76        0x2 
 .text.osMemMergeNode
                0x0000000080002a78       0x7e ./kernel/base/mem/los_memory.o
 *fill*         0x0000000080002af6        0x2 
 .text.osMemSpitNode
                0x0000000080002af8      0x10a ./kernel/base/mem/los_memory.o
 *fill*         0x0000000080002c02        0x2 
 .text.osMemFreeNode
                0x0000000080002c04      0x1b2 ./kernel/base/mem/los_memory.o
 *fill*         0x0000000080002db6        0x2 
 .text.osMemIsNodeValid
                0x0000000080002db8       0xb6 ./kernel/base/mem/los_memory.o
 *fill*         0x0000000080002e6e        0x2 
 .text.osMemCheckUsedNode
                0x0000000080002e70      0x182 ./kernel/base/mem/los_memory.o
 *fill*         0x0000000080002ff2        0x2 
 .text.osMemSetMagicNumAndTaskid
                0x0000000080002ff4       0x72 ./kernel/base/mem/los_memory.o
 *fill*         0x0000000080003066        0x2 
 .text.osMemAllocWithCheck
                0x0000000080003068       0xd6 ./kernel/base/mem/los_memory.o
 *fill*         0x000000008000313e        0x2 
 .text.LOS_MemInit
                0x0000000080003140      0x17a ./kernel/base/mem/los_memory.o
                0x0000000080003140                LOS_MemInit
 *fill*         0x00000000800032ba        0x2 
 .text.LOS_MemAlloc
                0x00000000800032bc       0x76 ./kernel/base/mem/los_memory.o
                0x00000000800032bc                LOS_MemAlloc
 *fill*         0x0000000080003332        0x2 
 .text.LOS_MemAllocAlign
                0x0000000080003334      0x10a ./kernel/base/mem/los_memory.o
                0x0000000080003334                LOS_MemAllocAlign
 *fill*         0x000000008000343e        0x2 
 .text.LOS_MemFree
                0x0000000080003440       0xd6 ./kernel/base/mem/los_memory.o
                0x0000000080003440                LOS_MemFree
 *fill*         0x0000000080003516        0x2 
 .text.osTaskMemUsedInc
                0x0000000080003518       0xa6 ./kernel/base/mem/los_memstat.o
                0x0000000080003518                osTaskMemUsedInc
 *fill*         0x00000000800035be        0x2 
 .text.osTaskMemUsedDec
                0x00000000800035c0       0x8e ./kernel/base/mem/los_memstat.o
                0x00000000800035c0                osTaskMemUsedDec
 *fill*         0x000000008000364e        0x2 
 .text.LOS_ListInit
                0x0000000080003650       0x3a ./kernel/base/mem/los_multipledlinkhead.o
 *fill*         0x000000008000368a        0x2 
 .text.LOS_Log2
                0x000000008000368c      0x2f6 ./kernel/base/mem/los_multipledlinkhead.o
 *fill*         0x0000000080003982        0x2 
 .text.LOS_DLnkInitMultiHead
                0x0000000080003984       0x6e ./kernel/base/mem/los_multipledlinkhead.o
                0x0000000080003984                LOS_DLnkInitMultiHead
 *fill*         0x00000000800039f2        0x2 
 .text.LOS_DLnkMultiHead
                0x00000000800039f4       0x86 ./kernel/base/mem/los_multipledlinkhead.o
                0x00000000800039f4                LOS_DLnkMultiHead
 *fill*         0x0000000080003a7a        0x2 
 .text.LOS_ListInit
                0x0000000080003a7c       0x3a ./kernel/base/ipc/los_event.o
 *fill*         0x0000000080003ab6        0x2 
 .text.LOS_ListAdd
                0x0000000080003ab8       0x5e ./kernel/base/ipc/los_event.o
 *fill*         0x0000000080003b16        0x2 
 .text.LOS_ListTailInsert
                0x0000000080003b18       0x42 ./kernel/base/ipc/los_event.o
 *fill*         0x0000000080003b5a        0x2 
 .text.LOS_ListDelete
                0x0000000080003b5c       0x5a ./kernel/base/ipc/los_event.o
 *fill*         0x0000000080003bb6        0x2 
 .text.LOS_ListEmpty
                0x0000000080003bb8       0x3a ./kernel/base/ipc/los_event.o
 *fill*         0x0000000080003bf2        0x2 
 .text.LOS_EventInit
                0x0000000080003bf4       0x5a ./kernel/base/ipc/los_event.o
                0x0000000080003bf4                LOS_EventInit
 *fill*         0x0000000080003c4e        0x2 
 .text.LOS_EventPoll
                0x0000000080003c50       0xe6 ./kernel/base/ipc/los_event.o
                0x0000000080003c50                LOS_EventPoll
 *fill*         0x0000000080003d36        0x2 
 .text.LOS_EventRead
                0x0000000080003d38      0x2b2 ./kernel/base/ipc/los_event.o
                0x0000000080003d38                LOS_EventRead
 *fill*         0x0000000080003fea        0x2 
 .text.LOS_EventWrite
                0x0000000080003fec      0x216 ./kernel/base/ipc/los_event.o
                0x0000000080003fec                LOS_EventWrite
 *fill*         0x0000000080004202        0x2 
 .text.LOS_EventClear
                0x0000000080004204       0x6e ./kernel/base/ipc/los_event.o
                0x0000000080004204                LOS_EventClear
 *fill*         0x0000000080004272        0x2 
 .text.LOS_ListInit
                0x0000000080004274       0x3a ./kernel/base/ipc/los_mux.o
 *fill*         0x00000000800042ae        0x2 
 .text.LOS_ListAdd
                0x00000000800042b0       0x5e ./kernel/base/ipc/los_mux.o
 *fill*         0x000000008000430e        0x2 
 .text.LOS_ListTailInsert
                0x0000000080004310       0x42 ./kernel/base/ipc/los_mux.o
 *fill*         0x0000000080004352        0x2 
 .text.LOS_ListDelete
                0x0000000080004354       0x5a ./kernel/base/ipc/los_mux.o
 *fill*         0x00000000800043ae        0x2 
 .text.LOS_ListEmpty
                0x00000000800043b0       0x3a ./kernel/base/ipc/los_mux.o
 *fill*         0x00000000800043ea        0x2 
 .text.osMuxInit
                0x00000000800043ec       0xda ./kernel/base/ipc/los_mux.o
                0x00000000800043ec                osMuxInit
 *fill*         0x00000000800044c6        0x2 
 .text.LOS_MuxCreate
                0x00000000800044c8       0xe2 ./kernel/base/ipc/los_mux.o
                0x00000000800044c8                LOS_MuxCreate
 *fill*         0x00000000800045aa        0x2 
 .text.LOS_MuxDelete
                0x00000000800045ac       0xe6 ./kernel/base/ipc/los_mux.o
                0x00000000800045ac                LOS_MuxDelete
 *fill*         0x0000000080004692        0x2 
 .text.LOS_MuxPend
                0x0000000080004694      0x2f2 ./kernel/base/ipc/los_mux.o
                0x0000000080004694                LOS_MuxPend
 *fill*         0x0000000080004986        0x2 
 .text.LOS_MuxPost
                0x0000000080004988      0x266 ./kernel/base/ipc/los_mux.o
                0x0000000080004988                LOS_MuxPost
 *fill*         0x0000000080004bee        0x2 
 .text.LOS_ListInit
                0x0000000080004bf0       0x3a ./kernel/base/ipc/los_queue.o
 *fill*         0x0000000080004c2a        0x2 
 .text.LOS_ListAdd
                0x0000000080004c2c       0x5e ./kernel/base/ipc/los_queue.o
 *fill*         0x0000000080004c8a        0x2 
 .text.LOS_ListTailInsert
                0x0000000080004c8c       0x42 ./kernel/base/ipc/los_queue.o
 *fill*         0x0000000080004cce        0x2 
 .text.LOS_ListDelete
                0x0000000080004cd0       0x5a ./kernel/base/ipc/los_queue.o
 *fill*         0x0000000080004d2a        0x2 
 .text.LOS_ListEmpty
                0x0000000080004d2c       0x3a ./kernel/base/ipc/los_queue.o
 *fill*         0x0000000080004d66        0x2 
 .text.osQueueInit
                0x0000000080004d68       0x76 ./kernel/base/ipc/los_queue.o
                0x0000000080004d68                osQueueInit
 *fill*         0x0000000080004dde        0x2 
 .text.osQueueCreate
                0x0000000080004de0      0x136 ./kernel/base/ipc/los_queue.o
                0x0000000080004de0                osQueueCreate
 *fill*         0x0000000080004f16        0x2 
 .text.osQueuePend
                0x0000000080004f18      0x14e ./kernel/base/ipc/los_queue.o
 *fill*         0x0000000080005066        0x2 
 .text.osQueueWakeUp
                0x0000000080005068       0xee ./kernel/base/ipc/los_queue.o
 *fill*         0x0000000080005156        0x2 
 .text.LOS_QueueCreate
                0x0000000080005158      0x122 ./kernel/base/ipc/los_queue.o
                0x0000000080005158                LOS_QueueCreate
 *fill*         0x000000008000527a        0x2 
 .text.LOS_QueueRead
                0x000000008000527c      0x28a ./kernel/base/ipc/los_queue.o
                0x000000008000527c                LOS_QueueRead
 *fill*         0x0000000080005506        0x2 
 .text.LOS_QueueWrite
                0x0000000080005508      0x2aa ./kernel/base/ipc/los_queue.o
                0x0000000080005508                LOS_QueueWrite
 *fill*         0x00000000800057b2        0x2 
 .text.LOS_QueueDelete
                0x00000000800057b4      0x17a ./kernel/base/ipc/los_queue.o
                0x00000000800057b4                LOS_QueueDelete
 *fill*         0x000000008000592e        0x2 
 .text.LOS_ListInit
                0x0000000080005930       0x3a ./kernel/base/ipc/los_sem.o
 *fill*         0x000000008000596a        0x2 
 .text.LOS_ListAdd
                0x000000008000596c       0x5e ./kernel/base/ipc/los_sem.o
 *fill*         0x00000000800059ca        0x2 
 .text.LOS_ListTailInsert
                0x00000000800059cc       0x42 ./kernel/base/ipc/los_sem.o
 *fill*         0x0000000080005a0e        0x2 
 .text.LOS_ListDelete
                0x0000000080005a10       0x5a ./kernel/base/ipc/los_sem.o
 *fill*         0x0000000080005a6a        0x2 
 .text.LOS_ListEmpty
                0x0000000080005a6c       0x3a ./kernel/base/ipc/los_sem.o
 *fill*         0x0000000080005aa6        0x2 
 .text.osSemInit
                0x0000000080005aa8       0xce ./kernel/base/ipc/los_sem.o
                0x0000000080005aa8                osSemInit
 *fill*         0x0000000080005b76        0x2 
 .text.LOS_SemCreate
                0x0000000080005b78       0xfa ./kernel/base/ipc/los_sem.o
                0x0000000080005b78                LOS_SemCreate
 *fill*         0x0000000080005c72        0x2 
 .text.LOS_SemDelete
                0x0000000080005c74       0xce ./kernel/base/ipc/los_sem.o
                0x0000000080005c74                LOS_SemDelete
 *fill*         0x0000000080005d42        0x2 
 .text.LOS_SemPend
                0x0000000080005d44      0x242 ./kernel/base/ipc/los_sem.o
                0x0000000080005d44                LOS_SemPend
 *fill*         0x0000000080005f86        0x2 
 .text.LOS_SemPost
                0x0000000080005f88      0x1ba ./kernel/base/ipc/los_sem.o
                0x0000000080005f88                LOS_SemPost
 *fill*         0x0000000080006142        0x2 
 .text.LOS_ListInit
                0x0000000080006144       0x3a ./kernel/base/core/los_priqueue.o
 *fill*         0x000000008000617e        0x2 
 .text.LOS_ListAdd
                0x0000000080006180       0x5e ./kernel/base/core/los_priqueue.o
 *fill*         0x00000000800061de        0x2 
 .text.LOS_ListTailInsert
                0x00000000800061e0       0x42 ./kernel/base/core/los_priqueue.o
 *fill*         0x0000000080006222        0x2 
 .text.LOS_ListDelete
                0x0000000080006224       0x5a ./kernel/base/core/los_priqueue.o
 *fill*         0x000000008000627e        0x2 
 .text.LOS_ListEmpty
                0x0000000080006280       0x3a ./kernel/base/core/los_priqueue.o
 *fill*         0x00000000800062ba        0x2 
 .text.osPriqueueInit
                0x00000000800062bc       0x9e ./kernel/base/core/los_priqueue.o
                0x00000000800062bc                osPriqueueInit
 *fill*         0x000000008000635a        0x2 
 .text.LOS_PriqueueEnqueue
                0x000000008000635c       0x4e ./kernel/base/core/los_priqueue.o
                0x000000008000635c                LOS_PriqueueEnqueue
 *fill*         0x00000000800063aa        0x2 
 .text.LOS_PriqueueDequeue
                0x00000000800063ac       0x32 ./kernel/base/core/los_priqueue.o
                0x00000000800063ac                LOS_PriqueueDequeue
 *fill*         0x00000000800063de        0x2 
 .text.LOS_PriqueueTop
                0x00000000800063e0       0x8e ./kernel/base/core/los_priqueue.o
                0x00000000800063e0                LOS_PriqueueTop
 *fill*         0x000000008000646e        0x2 
 .text.LOS_PriqueueSize
                0x0000000080006470       0x82 ./kernel/base/core/los_priqueue.o
                0x0000000080006470                LOS_PriqueueSize
 *fill*         0x00000000800064f2        0x2 
 .text.osSwTmrTask
                0x00000000800064f4       0x92 ./kernel/base/core/los_swtmr.o
                0x00000000800064f4                osSwTmrTask
 *fill*         0x0000000080006586        0x2 
 .text.osSwTmrTaskCreate
                0x0000000080006588       0x82 ./kernel/base/core/los_swtmr.o
                0x0000000080006588                osSwTmrTaskCreate
 *fill*         0x000000008000660a        0x2 
 .text.osSwTmrInit
                0x000000008000660c      0x172 ./kernel/base/core/los_swtmr.o
                0x000000008000660c                osSwTmrInit
 *fill*         0x000000008000677e        0x2 
 .text.osSwTmrStart
                0x0000000080006780      0x13a ./kernel/base/core/los_swtmr.o
                0x0000000080006780                osSwTmrStart
 *fill*         0x00000000800068ba        0x2 
 .text.osSwtmrDelete
                0x00000000800068bc       0x46 ./kernel/base/core/los_swtmr.o
 *fill*         0x0000000080006902        0x2 
 .text.osSwTmrTimeoutHandle
                0x0000000080006904      0x15a ./kernel/base/core/los_swtmr.o
 *fill*         0x0000000080006a5e        0x2 
 .text.osSwtmrScan
                0x0000000080006a60       0x56 ./kernel/base/core/los_swtmr.o
                0x0000000080006a60                osSwtmrScan
 *fill*         0x0000000080006ab6        0x2 
 .text.osSwtmrStop
                0x0000000080006ab8       0xd2 ./kernel/base/core/los_swtmr.o
                0x0000000080006ab8                osSwtmrStop
 *fill*         0x0000000080006b8a        0x2 
 .text.LOS_SwtmrCreate
                0x0000000080006b8c      0x15a ./kernel/base/core/los_swtmr.o
                0x0000000080006b8c                LOS_SwtmrCreate
 *fill*         0x0000000080006ce6        0x2 
 .text.LOS_SwtmrStart
                0x0000000080006ce8       0xfa ./kernel/base/core/los_swtmr.o
                0x0000000080006ce8                LOS_SwtmrStart
 *fill*         0x0000000080006de2        0x2 
 .text.LOS_SwtmrStop
                0x0000000080006de4      0x102 ./kernel/base/core/los_swtmr.o
                0x0000000080006de4                LOS_SwtmrStop
 *fill*         0x0000000080006ee6        0x2 
 .text.LOS_SwtmrDelete
                0x0000000080006ee8       0xfa ./kernel/base/core/los_swtmr.o
                0x0000000080006ee8                LOS_SwtmrDelete
 *fill*         0x0000000080006fe2        0x2 
 .text.LOS_TickCountGet
                0x0000000080006fe4       0x32 ./kernel/base/core/los_sys.o
                0x0000000080006fe4                LOS_TickCountGet
 *fill*         0x0000000080007016        0x2 
 .text.LOS_CyclePerTickGet
                0x0000000080007018       0x26 ./kernel/base/core/los_sys.o
                0x0000000080007018                LOS_CyclePerTickGet
 *fill*         0x000000008000703e        0x2 
 .text.LOS_ListInit
                0x0000000080007040       0x3a ./kernel/base/core/los_task.o
 *fill*         0x000000008000707a        0x2 
 .text.LOS_ListAdd
                0x000000008000707c       0x5e ./kernel/base/core/los_task.o
 *fill*         0x00000000800070da        0x2 
 .text.LOS_ListTailInsert
                0x00000000800070dc       0x42 ./kernel/base/core/los_task.o
 *fill*         0x000000008000711e        0x2 
 .text.LOS_ListDelete
                0x0000000080007120       0x5a ./kernel/base/core/los_task.o
 *fill*         0x000000008000717a        0x2 
 .text.LOS_ListEmpty
                0x000000008000717c       0x3a ./kernel/base/core/los_task.o
 *fill*         0x00000000800071b6        0x2 
 .text.osIdleTask
                0x00000000800071b8       0x12 ./kernel/base/core/los_task.o
                0x00000000800071b8                osIdleTask
 *fill*         0x00000000800071ca        0x2 
 .text.osTaskPriModify
                0x00000000800071cc       0xc2 ./kernel/base/core/los_task.o
                0x00000000800071cc                osTaskPriModify
 *fill*         0x000000008000728e        0x2 
 .text.osTaskAdd2TimerList
                0x0000000080007290      0x21e ./kernel/base/core/los_task.o
                0x0000000080007290                osTaskAdd2TimerList
 *fill*         0x00000000800074ae        0x2 
 .text.osTimerListDelete
                0x00000000800074b0       0xce ./kernel/base/core/los_task.o
                0x00000000800074b0                osTimerListDelete
 *fill*         0x000000008000757e        0x2 
 .text.osTaskScan
                0x0000000080007580      0x26e ./kernel/base/core/los_task.o
                0x0000000080007580                osTaskScan
 *fill*         0x00000000800077ee        0x2 
 .text.osTaskInit
                0x00000000800077f0      0x24a ./kernel/base/core/los_task.o
                0x00000000800077f0                osTaskInit
 *fill*         0x0000000080007a3a        0x2 
 .text.osIdleTaskCreate
                0x0000000080007a3c       0x8e ./kernel/base/core/los_task.o
                0x0000000080007a3c                osIdleTaskCreate
 *fill*         0x0000000080007aca        0x2 
 .text.osTaskSelfDelete
                0x0000000080007acc      0x252 ./kernel/base/core/los_task.o
                0x0000000080007acc                osTaskSelfDelete
 *fill*         0x0000000080007d1e        0x2 
 .text.osTaskEntry
                0x0000000080007d20      0x192 ./kernel/base/core/los_task.o
                0x0000000080007d20                osTaskEntry
 *fill*         0x0000000080007eb2        0x2 
 .text.LOS_TaskCreateOnly
                0x0000000080007eb4      0x3ba ./kernel/base/core/los_task.o
                0x0000000080007eb4                LOS_TaskCreateOnly
 *fill*         0x000000008000826e        0x2 
 .text.LOS_TaskCreate
                0x0000000080008270      0x146 ./kernel/base/core/los_task.o
                0x0000000080008270                LOS_TaskCreate
 *fill*         0x00000000800083b6        0x2 
 .text.LOS_TaskResume
                0x00000000800083b8      0x18a ./kernel/base/core/los_task.o
                0x00000000800083b8                LOS_TaskResume
 *fill*         0x0000000080008542        0x2 
 .text.LOS_TaskSuspend
                0x0000000080008544      0x1d2 ./kernel/base/core/los_task.o
                0x0000000080008544                LOS_TaskSuspend
 *fill*         0x0000000080008716        0x2 
 .text.LOS_TaskDelete
                0x0000000080008718      0x31e ./kernel/base/core/los_task.o
                0x0000000080008718                LOS_TaskDelete
 *fill*         0x0000000080008a36        0x2 
 .text.LOS_TaskDelay
                0x0000000080008a38      0x10a ./kernel/base/core/los_task.o
                0x0000000080008a38                LOS_TaskDelay
 *fill*         0x0000000080008b42        0x2 
 .text.LOS_TaskYield
                0x0000000080008b44      0x116 ./kernel/base/core/los_task.o
                0x0000000080008b44                LOS_TaskYield
 *fill*         0x0000000080008c5a        0x2 
 .text.LOS_TaskLock
                0x0000000080008c5c       0x52 ./kernel/base/core/los_task.o
                0x0000000080008c5c                LOS_TaskLock
 *fill*         0x0000000080008cae        0x2 
 .text.LOS_TaskUnlock
                0x0000000080008cb0       0x76 ./kernel/base/core/los_task.o
                0x0000000080008cb0                LOS_TaskUnlock
 *fill*         0x0000000080008d26        0x2 
 .text.osTickHandler
                0x0000000080008d28       0x7a ./kernel/base/core/los_tick.o
                0x0000000080008d28                osTickHandler
 *fill*         0x0000000080008da2        0x2 
 .text.osTimesliceInit
                0x0000000080008da4       0x3a ./kernel/base/core/los_timeslice.o
                0x0000000080008da4                osTimesliceInit
 *fill*         0x0000000080008dde        0x2 
 .text.osTimesliceCheck
                0x0000000080008de0       0xda ./kernel/base/core/los_timeslice.o
                0x0000000080008de0                osTimesliceCheck
 *fill*         0x0000000080008eba        0x2 
 .text.Example_Dyn_Mem
                0x0000000080008ebc      0x126 ./example/api/los_api_dynamic_mem.o
                0x0000000080008ebc                Example_Dyn_Mem
 *fill*         0x0000000080008fe2        0x2 
 .text.Example_Event
                0x0000000080008fe4       0x96 ./example/api/los_api_event.o
                0x0000000080008fe4                Example_Event
 *fill*         0x000000008000907a        0x2 
 .text.Example_SndRcvEvent
                0x000000008000907c      0x182 ./example/api/los_api_event.o
                0x000000008000907c                Example_SndRcvEvent
 *fill*         0x00000000800091fe        0x2 
 .text.LOS_ListInit
                0x0000000080009200       0x3a ./example/api/los_api_list.o
 *fill*         0x000000008000923a        0x2 
 .text.LOS_ListAdd
                0x000000008000923c       0x5e ./example/api/los_api_list.o
 *fill*         0x000000008000929a        0x2 
 .text.LOS_ListTailInsert
                0x000000008000929c       0x42 ./example/api/los_api_list.o
 *fill*         0x00000000800092de        0x2 
 .text.LOS_ListDelete
                0x00000000800092e0       0x5a ./example/api/los_api_list.o
 *fill*         0x000000008000933a        0x2 
 .text.LOS_ListEmpty
                0x000000008000933c       0x3a ./example/api/los_api_list.o
 *fill*         0x0000000080009376        0x2 
 .text.Example_list
                0x0000000080009378      0x196 ./example/api/los_api_list.o
                0x0000000080009378                Example_list
 *fill*         0x000000008000950e        0x2 
 .text.send_Entry
                0x0000000080009510       0xce ./example/api/los_api_msgqueue.o
                0x0000000080009510                send_Entry
 *fill*         0x00000000800095de        0x2 
 .text.recv_Entry
                0x00000000800095e0       0xfe ./example/api/los_api_msgqueue.o
                0x00000000800095e0                recv_Entry
 *fill*         0x00000000800096de        0x2 
 .text.Example_MsgQueue
                0x00000000800096e0      0x12a ./example/api/los_api_msgqueue.o
                0x00000000800096e0                Example_MsgQueue
 *fill*         0x000000008000980a        0x2 
 .text.Example_MutexTask1
                0x000000008000980c       0xda ./example/api/los_api_mutex.o
                0x000000008000980c                Example_MutexTask1
 *fill*         0x00000000800098e6        0x2 
 .text.Example_MutexTask2
                0x00000000800098e8       0x92 ./example/api/los_api_mutex.o
                0x00000000800098e8                Example_MutexTask2
 *fill*         0x000000008000997a        0x2 
 .text.Example_MutexLock
                0x000000008000997c      0x19a ./example/api/los_api_mutex.o
                0x000000008000997c                Example_MutexLock
 *fill*         0x0000000080009b16        0x2 
 .text.Example_SemTask1
                0x0000000080009b18       0xbe ./example/api/los_api_sem.o
                0x0000000080009b18                Example_SemTask1
 *fill*         0x0000000080009bd6        0x2 
 .text.Example_SemTask2
                0x0000000080009bd8       0x7a ./example/api/los_api_sem.o
                0x0000000080009bd8                Example_SemTask2
 *fill*         0x0000000080009c52        0x2 
 .text.Example_Semphore
                0x0000000080009c54      0x1b2 ./example/api/los_api_sem.o
                0x0000000080009c54                Example_Semphore
 *fill*         0x0000000080009e06        0x2 
 .text.Example_StaticMem
                0x0000000080009e08      0x156 ./example/api/los_api_static_mem.o
                0x0000000080009e08                Example_StaticMem
 *fill*         0x0000000080009f5e        0x2 
 .text.Example_GetTick
                0x0000000080009f60      0x122 ./example/api/los_api_systick.o
                0x0000000080009f60                Example_GetTick
 *fill*         0x000000008000a082        0x2 
 .text.Example_TaskHi
                0x000000008000a084       0xea ./example/api/los_api_task.o
                0x000000008000a084                Example_TaskHi
 *fill*         0x000000008000a16e        0x2 
 .text.Example_TaskLo
                0x000000008000a170       0xd2 ./example/api/los_api_task.o
                0x000000008000a170                Example_TaskLo
 *fill*         0x000000008000a242        0x2 
 .text.Example_TskCaseEntry
                0x000000008000a244      0x14e ./example/api/los_api_task.o
                0x000000008000a244                Example_TskCaseEntry
 *fill*         0x000000008000a392        0x2 
 .text.Timer1_Callback
                0x000000008000a394       0x6a ./example/api/los_api_timer.o
                0x000000008000a394                Timer1_Callback
 *fill*         0x000000008000a3fe        0x2 
 .text.Timer2_Callback
                0x000000008000a400       0x76 ./example/api/los_api_timer.o
                0x000000008000a400                Timer2_Callback
 *fill*         0x000000008000a476        0x2 
 .text.Example_swTimer
                0x000000008000a478      0x116 ./example/api/los_api_timer.o
                0x000000008000a478                Example_swTimer
 *fill*         0x000000008000a58e        0x2 
 .text.LOS_InspectStatusSetByID
                0x000000008000a590       0xe2 ./example/api/los_inspect_entry.o
                0x000000008000a590                LOS_InspectStatusSetByID
 *fill*         0x000000008000a672        0x2 
 .text.LOS_InspectByID
                0x000000008000a674      0x272 ./example/api/los_inspect_entry.o
                0x000000008000a674                LOS_InspectByID
 *fill*         0x000000008000a8e6        0x2 
 .text.LOS_Inspect_KeyAndLed
                0x000000008000a8e8       0xa2 ./example/api/los_inspect_entry.o
 *fill*         0x000000008000a98a        0x2 
 .text.LOS_Inspect_TskDeal
                0x000000008000a98c       0xa6 ./example/api/los_inspect_entry.o
                0x000000008000a98c                LOS_Inspect_TskDeal
 *fill*         0x000000008000aa32        0x2 
 .text.LOS_Inspect_Entry
                0x000000008000aa34       0x76 ./example/api/los_inspect_entry.o
                0x000000008000aa34                LOS_Inspect_Entry
 *fill*         0x000000008000aaaa        0x2 
 .text.LOS_Inspect_delim
                0x000000008000aaac       0x32 ./example/api/los_inspect_entry.o
                0x000000008000aaac                LOS_Inspect_delim
 *fill*         0x000000008000aade        0x2 
 .text.memcpy   0x000000008000aae0       0xea c:/microsemi/softconsole_v5.2.0.15/riscv-unknown-elf-gcc/bin/../lib/gcc/riscv64-unknown-elf/7.1.1/../../../../riscv64-unknown-elf/lib/rv32im/ilp32\libg_nano.a(lib_a-memcpy.o)
                0x000000008000aae0                memcpy
 *fill*         0x000000008000abca        0x2 
 .text          0x000000008000abcc       0xdc c:/microsemi/softconsole_v5.2.0.15/riscv-unknown-elf-gcc/bin/../lib/gcc/riscv64-unknown-elf/7.1.1/../../../../riscv64-unknown-elf/lib/rv32im/ilp32\libg_nano.a(lib_a-memset.o)
                0x000000008000abcc                memset
 .text.printf   0x000000008000aca8       0x7e c:/microsemi/softconsole_v5.2.0.15/riscv-unknown-elf-gcc/bin/../lib/gcc/riscv64-unknown-elf/7.1.1/../../../../riscv64-unknown-elf/lib/rv32im/ilp32\libg_nano.a(lib_a-printf.o)
                0x000000008000aca8                iprintf
                0x000000008000aca8                printf
 *fill*         0x000000008000ad26        0x2 
 .text.isatty   0x000000008000ad28        0x6 c:/microsemi/softconsole_v5.2.0.15/riscv-unknown-elf-gcc/bin/../lib/gcc/riscv64-unknown-elf/7.1.1/../../../../riscv64-unknown-elf/lib/rv32im/ilp32\libg_nano.a(lib_a-sysisatty.o)
                0x000000008000ad28                isatty
 *fill*         0x000000008000ad2e        0x2 
 .text.write    0x000000008000ad30       0x1e c:/microsemi/softconsole_v5.2.0.15/riscv-unknown-elf-gcc/bin/../lib/gcc/riscv64-unknown-elf/7.1.1/../../../../riscv64-unknown-elf/lib/rv32im/ilp32\libg_nano.a(lib_a-syswrite.o)
                0x000000008000ad30                write
 *fill*         0x000000008000ad4e        0x2 
 .text._vsprintf_r
                0x000000008000ad50       0x4a c:/microsemi/softconsole_v5.2.0.15/riscv-unknown-elf-gcc/bin/../lib/gcc/riscv64-unknown-elf/7.1.1/../../../../riscv64-unknown-elf/lib/rv32im/ilp32\libg_nano.a(lib_a-vsprintf.o)
                0x000000008000ad50                _vsprintf_r
                0x000000008000ad50                _vsiprintf_r
 *fill*         0x000000008000ad9a        0x2 
 .text.vsprintf
                0x000000008000ad9c       0x1e c:/microsemi/softconsole_v5.2.0.15/riscv-unknown-elf-gcc/bin/../lib/gcc/riscv64-unknown-elf/7.1.1/../../../../riscv64-unknown-elf/lib/rv32im/ilp32\libg_nano.a(lib_a-vsprintf.o)
                0x000000008000ad9c                vsiprintf
                0x000000008000ad9c                vsprintf
 *fill*         0x000000008000adba        0x2 
 .text._write_r
                0x000000008000adbc       0x56 c:/microsemi/softconsole_v5.2.0.15/riscv-unknown-elf-gcc/bin/../lib/gcc/riscv64-unknown-elf/7.1.1/../../../../riscv64-unknown-elf/lib/rv32im/ilp32\libg_nano.a(lib_a-writer.o)
                0x000000008000adbc                _write_r
 *fill*         0x000000008000ae12        0x2 
 .text._cleanup_r
                0x000000008000ae14        0xe c:/microsemi/softconsole_v5.2.0.15/riscv-unknown-elf-gcc/bin/../lib/gcc/riscv64-unknown-elf/7.1.1/../../../../riscv64-unknown-elf/lib/rv32im/ilp32\libg_nano.a(lib_a-findfp.o)
                0x000000008000ae14                _cleanup_r
 *fill*         0x000000008000ae22        0x2 
 .text.std.isra.0
                0x000000008000ae24       0x8a c:/microsemi/softconsole_v5.2.0.15/riscv-unknown-elf-gcc/bin/../lib/gcc/riscv64-unknown-elf/7.1.1/../../../../riscv64-unknown-elf/lib/rv32im/ilp32\libg_nano.a(lib_a-findfp.o)
 *fill*         0x000000008000aeae        0x2 
 .text.__sfmoreglue
                0x000000008000aeb0       0x6e c:/microsemi/softconsole_v5.2.0.15/riscv-unknown-elf-gcc/bin/../lib/gcc/riscv64-unknown-elf/7.1.1/../../../../riscv64-unknown-elf/lib/rv32im/ilp32\libg_nano.a(lib_a-findfp.o)
                0x000000008000aeb0                __sfmoreglue
 *fill*         0x000000008000af1e        0x2 
 .text.__sinit  0x000000008000af20       0xb6 c:/microsemi/softconsole_v5.2.0.15/riscv-unknown-elf-gcc/bin/../lib/gcc/riscv64-unknown-elf/7.1.1/../../../../riscv64-unknown-elf/lib/rv32im/ilp32\libg_nano.a(lib_a-findfp.o)
                0x000000008000af20                __sinit
 *fill*         0x000000008000afd6        0x2 
 .text.__sfp    0x000000008000afd8       0xf2 c:/microsemi/softconsole_v5.2.0.15/riscv-unknown-elf-gcc/bin/../lib/gcc/riscv64-unknown-elf/7.1.1/../../../../riscv64-unknown-elf/lib/rv32im/ilp32\libg_nano.a(lib_a-findfp.o)
                0x000000008000afd8                __sfp
 *fill*         0x000000008000b0ca        0x2 
 .text._fwalk_reent
                0x000000008000b0cc       0xb6 c:/microsemi/softconsole_v5.2.0.15/riscv-unknown-elf-gcc/bin/../lib/gcc/riscv64-unknown-elf/7.1.1/../../../../riscv64-unknown-elf/lib/rv32im/ilp32\libg_nano.a(lib_a-fwalk.o)
                0x000000008000b0cc                _fwalk_reent
 *fill*         0x000000008000b182        0x2 
 .text._malloc_r
                0x000000008000b184      0x162 c:/microsemi/softconsole_v5.2.0.15/riscv-unknown-elf-gcc/bin/../lib/gcc/riscv64-unknown-elf/7.1.1/../../../../riscv64-unknown-elf/lib/rv32im/ilp32\libg_nano.a(lib_a-nano-mallocr.o)
                0x000000008000b184                _malloc_r
 *fill*         0x000000008000b2e6        0x2 
 .text.__ssputs_r
                0x000000008000b2e8      0x16a c:/microsemi/softconsole_v5.2.0.15/riscv-unknown-elf-gcc/bin/../lib/gcc/riscv64-unknown-elf/7.1.1/../../../../riscv64-unknown-elf/lib/rv32im/ilp32\libg_nano.a(lib_a-nano-svfprintf.o)
                0x000000008000b2e8                __ssputs_r
 *fill*         0x000000008000b452        0x2 
 .text._svfprintf_r
                0x000000008000b454      0x396 c:/microsemi/softconsole_v5.2.0.15/riscv-unknown-elf-gcc/bin/../lib/gcc/riscv64-unknown-elf/7.1.1/../../../../riscv64-unknown-elf/lib/rv32im/ilp32\libg_nano.a(lib_a-nano-svfprintf.o)
                0x000000008000b454                _svfiprintf_r
                0x000000008000b454                _svfprintf_r
 *fill*         0x000000008000b7ea        0x2 
 .text.__sfputc_r
                0x000000008000b7ec       0x3e c:/microsemi/softconsole_v5.2.0.15/riscv-unknown-elf-gcc/bin/../lib/gcc/riscv64-unknown-elf/7.1.1/../../../../riscv64-unknown-elf/lib/rv32im/ilp32\libg_nano.a(lib_a-nano-vfprintf.o)
 *fill*         0x000000008000b82a        0x2 
 .text.__sfputs_r
                0x000000008000b82c       0x76 c:/microsemi/softconsole_v5.2.0.15/riscv-unknown-elf-gcc/bin/../lib/gcc/riscv64-unknown-elf/7.1.1/../../../../riscv64-unknown-elf/lib/rv32im/ilp32\libg_nano.a(lib_a-nano-vfprintf.o)
                0x000000008000b82c                __sfputs_r
 *fill*         0x000000008000b8a2        0x2 
 .text._vfprintf_r
                0x000000008000b8a4      0x3c6 c:/microsemi/softconsole_v5.2.0.15/riscv-unknown-elf-gcc/bin/../lib/gcc/riscv64-unknown-elf/7.1.1/../../../../riscv64-unknown-elf/lib/rv32im/ilp32\libg_nano.a(lib_a-nano-vfprintf.o)
                0x000000008000b8a4                _vfprintf_r
                0x000000008000b8a4                _vfiprintf_r
 *fill*         0x000000008000bc6a        0x2 
 .text._printf_common
                0x000000008000bc6c      0x1b2 c:/microsemi/softconsole_v5.2.0.15/riscv-unknown-elf-gcc/bin/../lib/gcc/riscv64-unknown-elf/7.1.1/../../../../riscv64-unknown-elf/lib/rv32im/ilp32\libg_nano.a(lib_a-nano-vfprintf_i.o)
                0x000000008000bc6c                _printf_common
 *fill*         0x000000008000be1e        0x2 
 .text._printf_i
                0x000000008000be20      0x3da c:/microsemi/softconsole_v5.2.0.15/riscv-unknown-elf-gcc/bin/../lib/gcc/riscv64-unknown-elf/7.1.1/../../../../riscv64-unknown-elf/lib/rv32im/ilp32\libg_nano.a(lib_a-nano-vfprintf_i.o)
                0x000000008000be20                _printf_i
 *fill*         0x000000008000c1fa        0x2 
 .text._sbrk_r  0x000000008000c1fc       0x4e c:/microsemi/softconsole_v5.2.0.15/riscv-unknown-elf-gcc/bin/../lib/gcc/riscv64-unknown-elf/7.1.1/../../../../riscv64-unknown-elf/lib/rv32im/ilp32\libg_nano.a(lib_a-sbrkr.o)
                0x000000008000c1fc                _sbrk_r
 *fill*         0x000000008000c24a        0x2 
 .text.__sread  0x000000008000c24c       0x52 c:/microsemi/softconsole_v5.2.0.15/riscv-unknown-elf-gcc/bin/../lib/gcc/riscv64-unknown-elf/7.1.1/../../../../riscv64-unknown-elf/lib/rv32im/ilp32\libg_nano.a(lib_a-stdio.o)
                0x000000008000c24c                __sread
 *fill*         0x000000008000c29e        0x2 
 .text.__swrite
                0x000000008000c2a0       0x86 c:/microsemi/softconsole_v5.2.0.15/riscv-unknown-elf-gcc/bin/../lib/gcc/riscv64-unknown-elf/7.1.1/../../../../riscv64-unknown-elf/lib/rv32im/ilp32\libg_nano.a(lib_a-stdio.o)
                0x000000008000c2a0                __swrite
 *fill*         0x000000008000c326        0x2 
 .text.__sseek  0x000000008000c328       0x5a c:/microsemi/softconsole_v5.2.0.15/riscv-unknown-elf-gcc/bin/../lib/gcc/riscv64-unknown-elf/7.1.1/../../../../riscv64-unknown-elf/lib/rv32im/ilp32\libg_nano.a(lib_a-stdio.o)
                0x000000008000c328                __sseek
 *fill*         0x000000008000c382        0x2 
 .text.__sclose
                0x000000008000c384        0xa c:/microsemi/softconsole_v5.2.0.15/riscv-unknown-elf-gcc/bin/../lib/gcc/riscv64-unknown-elf/7.1.1/../../../../riscv64-unknown-elf/lib/rv32im/ilp32\libg_nano.a(lib_a-stdio.o)
                0x000000008000c384                __sclose
 *fill*         0x000000008000c38e        0x2 
 .text.__swbuf_r
                0x000000008000c390      0x13a c:/microsemi/softconsole_v5.2.0.15/riscv-unknown-elf-gcc/bin/../lib/gcc/riscv64-unknown-elf/7.1.1/../../../../riscv64-unknown-elf/lib/rv32im/ilp32\libg_nano.a(lib_a-wbuf.o)
                0x000000008000c390                __swbuf_r
 *fill*         0x000000008000c4ca        0x2 
 .text.__swsetup_r
                0x000000008000c4cc      0x182 c:/microsemi/softconsole_v5.2.0.15/riscv-unknown-elf-gcc/bin/../lib/gcc/riscv64-unknown-elf/7.1.1/../../../../riscv64-unknown-elf/lib/rv32im/ilp32\libg_nano.a(lib_a-wsetup.o)
                0x000000008000c4cc                __swsetup_r
 *fill*         0x000000008000c64e        0x2 
 .text._close_r
                0x000000008000c650       0x4e c:/microsemi/softconsole_v5.2.0.15/riscv-unknown-elf-gcc/bin/../lib/gcc/riscv64-unknown-elf/7.1.1/../../../../riscv64-unknown-elf/lib/rv32im/ilp32\libg_nano.a(lib_a-closer.o)
                0x000000008000c650                _close_r
 *fill*         0x000000008000c69e        0x2 
 .text.__sflush_r
                0x000000008000c6a0      0x1de c:/microsemi/softconsole_v5.2.0.15/riscv-unknown-elf-gcc/bin/../lib/gcc/riscv64-unknown-elf/7.1.1/../../../../riscv64-unknown-elf/lib/rv32im/ilp32\libg_nano.a(lib_a-fflush.o)
                0x000000008000c6a0                __sflush_r
 *fill*         0x000000008000c87e        0x2 
 .text._fflush_r
                0x000000008000c880       0xa2 c:/microsemi/softconsole_v5.2.0.15/riscv-unknown-elf-gcc/bin/../lib/gcc/riscv64-unknown-elf/7.1.1/../../../../riscv64-unknown-elf/lib/rv32im/ilp32\libg_nano.a(lib_a-fflush.o)
                0x000000008000c880                _fflush_r
 *fill*         0x000000008000c922        0x2 
 .text._lseek_r
                0x000000008000c924       0x56 c:/microsemi/softconsole_v5.2.0.15/riscv-unknown-elf-gcc/bin/../lib/gcc/riscv64-unknown-elf/7.1.1/../../../../riscv64-unknown-elf/lib/rv32im/ilp32\libg_nano.a(lib_a-lseekr.o)
                0x000000008000c924                _lseek_r
 *fill*         0x000000008000c97a        0x2 
 .text.__swhatbuf_r
                0x000000008000c97c       0x8e c:/microsemi/softconsole_v5.2.0.15/riscv-unknown-elf-gcc/bin/../lib/gcc/riscv64-unknown-elf/7.1.1/../../../../riscv64-unknown-elf/lib/rv32im/ilp32\libg_nano.a(lib_a-makebuf.o)
                0x000000008000c97c                __swhatbuf_r
 *fill*         0x000000008000ca0a        0x2 
 .text.__smakebuf_r
                0x000000008000ca0c       0xf2 c:/microsemi/softconsole_v5.2.0.15/riscv-unknown-elf-gcc/bin/../lib/gcc/riscv64-unknown-elf/7.1.1/../../../../riscv64-unknown-elf/lib/rv32im/ilp32\libg_nano.a(lib_a-makebuf.o)
                0x000000008000ca0c                __smakebuf_r
 *fill*         0x000000008000cafe        0x2 
 .text.memchr   0x000000008000cb00       0x26 c:/microsemi/softconsole_v5.2.0.15/riscv-unknown-elf-gcc/bin/../lib/gcc/riscv64-unknown-elf/7.1.1/../../../../riscv64-unknown-elf/lib/rv32im/ilp32\libg_nano.a(lib_a-memchr.o)
                0x000000008000cb00                memchr
 *fill*         0x000000008000cb26        0x2 
 .text.memmove  0x000000008000cb28       0x56 c:/microsemi/softconsole_v5.2.0.15/riscv-unknown-elf-gcc/bin/../lib/gcc/riscv64-unknown-elf/7.1.1/../../../../riscv64-unknown-elf/lib/rv32im/ilp32\libg_nano.a(lib_a-memmove.o)
                0x000000008000cb28                memmove
 *fill*         0x000000008000cb7e        0x2 
 .text.__malloc_lock
                0x000000008000cb80        0x6 c:/microsemi/softconsole_v5.2.0.15/riscv-unknown-elf-gcc/bin/../lib/gcc/riscv64-unknown-elf/7.1.1/../../../../riscv64-unknown-elf/lib/rv32im/ilp32\libg_nano.a(lib_a-mlock.o)
                0x000000008000cb80                __malloc_lock
 *fill*         0x000000008000cb86        0x2 
 .text.__malloc_unlock
                0x000000008000cb88        0x6 c:/microsemi/softconsole_v5.2.0.15/riscv-unknown-elf-gcc/bin/../lib/gcc/riscv64-unknown-elf/7.1.1/../../../../riscv64-unknown-elf/lib/rv32im/ilp32\libg_nano.a(lib_a-mlock.o)
                0x000000008000cb88                __malloc_unlock
 *fill*         0x000000008000cb8e        0x2 
 .text._free_r  0x000000008000cb90      0x10e c:/microsemi/softconsole_v5.2.0.15/riscv-unknown-elf-gcc/bin/../lib/gcc/riscv64-unknown-elf/7.1.1/../../../../riscv64-unknown-elf/lib/rv32im/ilp32\libg_nano.a(lib_a-nano-freer.o)
                0x000000008000cb90                _free_r
 *fill*         0x000000008000cc9e        0x2 
 .text._realloc_r
                0x000000008000cca0       0x9a c:/microsemi/softconsole_v5.2.0.15/riscv-unknown-elf-gcc/bin/../lib/gcc/riscv64-unknown-elf/7.1.1/../../../../riscv64-unknown-elf/lib/rv32im/ilp32\libg_nano.a(lib_a-nano-reallocr.o)
                0x000000008000cca0                _realloc_r
 *fill*         0x000000008000cd3a        0x2 
 .text._read_r  0x000000008000cd3c       0x56 c:/microsemi/softconsole_v5.2.0.15/riscv-unknown-elf-gcc/bin/../lib/gcc/riscv64-unknown-elf/7.1.1/../../../../riscv64-unknown-elf/lib/rv32im/ilp32\libg_nano.a(lib_a-readr.o)
                0x000000008000cd3c                _read_r
 *fill*         0x000000008000cd92        0x2 
 .text._fstat_r
                0x000000008000cd94       0x52 c:/microsemi/softconsole_v5.2.0.15/riscv-unknown-elf-gcc/bin/../lib/gcc/riscv64-unknown-elf/7.1.1/../../../../riscv64-unknown-elf/lib/rv32im/ilp32\libg_nano.a(lib_a-fstatr.o)
                0x000000008000cd94                _fstat_r
 *fill*         0x000000008000cde6        0x2 
 .text._isatty_r
                0x000000008000cde8       0x4e c:/microsemi/softconsole_v5.2.0.15/riscv-unknown-elf-gcc/bin/../lib/gcc/riscv64-unknown-elf/7.1.1/../../../../riscv64-unknown-elf/lib/rv32im/ilp32\libg_nano.a(lib_a-isattyr.o)
                0x000000008000cde8                _isatty_r
 *fill*         0x000000008000ce36        0x2 
 .text._malloc_usable_size_r
                0x000000008000ce38       0x1e c:/microsemi/softconsole_v5.2.0.15/riscv-unknown-elf-gcc/bin/../lib/gcc/riscv64-unknown-elf/7.1.1/../../../../riscv64-unknown-elf/lib/rv32im/ilp32\libg_nano.a(lib_a-nano-msizer.o)
                0x000000008000ce38                _malloc_usable_size_r
 *(.plt)
                0x000000008000ce60                . = ALIGN (0x10)
 *fill*         0x000000008000ce56        0xa 
 *crtbegin.o(.ctors)
 *(EXCLUDE_FILE(*crtend.o) .ctors)
 *(SORT(.ctors.*))
 *crtend.o(.ctors)
 *crtbegin.o(.dtors)
 *(EXCLUDE_FILE(*crtend.o) .dtors)
 *(SORT(.dtors.*))
 *crtend.o(.dtors)
 *(.rodata .rodata.* .gnu.linkonce.r.*)
 .rodata        0x000000008000ce60        0x6 ./platform/M2S150_RV32/riscv_hal/init.o
 *fill*         0x000000008000ce66        0x2 
 .rodata        0x000000008000ce68        0x6 ./platform/M2S150_RV32/riscv_hal/riscv_hal.o
 *fill*         0x000000008000ce6e        0x2 
 .rodata        0x000000008000ce70        0x9 ./kernel/base/core/los_swtmr.o
 *fill*         0x000000008000ce79        0x3 
 .rodata        0x000000008000ce7c        0xc ./kernel/base/core/los_task.o
 .rodata        0x000000008000ce88       0x82 ./example/api/los_api_dynamic_mem.o
 *fill*         0x000000008000cf0a        0x2 
 .rodata        0x000000008000cf0c      0x106 ./example/api/los_api_event.o
 *fill*         0x000000008000d012        0x2 
 .rodata        0x000000008000d014       0xa7 ./example/api/los_api_list.o
 *fill*         0x000000008000d0bb        0x1 
 .rodata        0x000000008000d0bc       0xff ./example/api/los_api_msgqueue.o
 *fill*         0x000000008000d1bb        0x1 
 .rodata        0x000000008000d1bc      0x1c7 ./example/api/los_api_mutex.o
 *fill*         0x000000008000d383        0x1 
 .rodata        0x000000008000d384      0x1d7 ./example/api/los_api_sem.o
 *fill*         0x000000008000d55b        0x1 
 .rodata        0x000000008000d55c       0xae ./example/api/los_api_static_mem.o
 *fill*         0x000000008000d60a        0x2 
 .rodata        0x000000008000d60c       0x74 ./example/api/los_api_systick.o
 .rodata        0x000000008000d680      0x1e5 ./example/api/los_api_task.o
 *fill*         0x000000008000d865        0x3 
 .rodata        0x000000008000d868       0xb2 ./example/api/los_api_timer.o
 *fill*         0x000000008000d91a        0x2 
 .rodata        0x000000008000d91c      0x177 ./example/api/los_inspect_entry.o
 *fill*         0x000000008000da93        0x1 
 .rodata.__sf_fake_stderr
                0x000000008000da94       0x20 c:/microsemi/softconsole_v5.2.0.15/riscv-unknown-elf-gcc/bin/../lib/gcc/riscv64-unknown-elf/7.1.1/../../../../riscv64-unknown-elf/lib/rv32im/ilp32\libg_nano.a(lib_a-findfp.o)
                0x000000008000da94                __sf_fake_stderr
 .rodata.__sf_fake_stdin
                0x000000008000dab4       0x20 c:/microsemi/softconsole_v5.2.0.15/riscv-unknown-elf-gcc/bin/../lib/gcc/riscv64-unknown-elf/7.1.1/../../../../riscv64-unknown-elf/lib/rv32im/ilp32\libg_nano.a(lib_a-findfp.o)
                0x000000008000dab4                __sf_fake_stdin
 .rodata.__sf_fake_stdout
                0x000000008000dad4       0x20 c:/microsemi/softconsole_v5.2.0.15/riscv-unknown-elf-gcc/bin/../lib/gcc/riscv64-unknown-elf/7.1.1/../../../../riscv64-unknown-elf/lib/rv32im/ilp32\libg_nano.a(lib_a-findfp.o)
                0x000000008000dad4                __sf_fake_stdout
 .rodata._svfprintf_r.str1.4
                0x000000008000daf4       0x13 c:/microsemi/softconsole_v5.2.0.15/riscv-unknown-elf-gcc/bin/../lib/gcc/riscv64-unknown-elf/7.1.1/../../../../riscv64-unknown-elf/lib/rv32im/ilp32\libg_nano.a(lib_a-nano-svfprintf.o)
 .rodata._vfprintf_r.str1.4
                0x000000008000db07       0x13 c:/microsemi/softconsole_v5.2.0.15/riscv-unknown-elf-gcc/bin/../lib/gcc/riscv64-unknown-elf/7.1.1/../../../../riscv64-unknown-elf/lib/rv32im/ilp32\libg_nano.a(lib_a-nano-vfprintf.o)
 *fill*         0x000000008000db07        0x1 
 .rodata._printf_i.str1.4
                0x000000008000db08       0x28 c:/microsemi/softconsole_v5.2.0.15/riscv-unknown-elf-gcc/bin/../lib/gcc/riscv64-unknown-elf/7.1.1/../../../../riscv64-unknown-elf/lib/rv32im/ilp32\libg_nano.a(lib_a-nano-vfprintf_i.o)
                                         0x25 (size before relaxing)
 *(.gcc_except_table)
 *(.eh_frame_hdr)
 *(.eh_frame)
 *(.init)
 *(.fini)
                [!provide]                        PROVIDE (__preinit_array_start, .)
 *(.preinit_array)
                [!provide]                        PROVIDE (__preinit_array_end, .)
                [!provide]                        PROVIDE (__init_array_start, .)
 *(SORT(.init_array.*))
 *(.init_array)
                [!provide]                        PROVIDE (__init_array_end, .)
                [!provide]                        PROVIDE (__fini_array_start, .)
 *(.fini_array)
 *(SORT(.fini_array.*))
                [!provide]                        PROVIDE (__fini_array_end, .)
                0x000000008000db30                . = ALIGN (0x10)

.rela.dyn       0x000000008000db30        0x0
 .rela.text.LOS_BoadExampleTskfunc
                0x000000008000db30        0x0 ./user/main.o
 .rela.text.LOS_BoadExampleEntry
                0x000000008000db30        0x0 ./user/main.o
 .rela.text.main
                0x000000008000db30        0x0 ./user/main.o
 .rela.text.entry
                0x000000008000db30        0x0 ./user/main.o
 .rela.text._init
                0x000000008000db30        0x0 ./user/main.o
 .rela.text.handle_m_timer_interrupt
                0x000000008000db30        0x0 ./user/main.o
 .rela.data.ext_irq_handler_table
                0x000000008000db30        0x0 ./user/main.o
 .rela.text.handle_m_soft_interrupt
                0x000000008000db30        0x0 ./user/main.o
 .rela.text.handle_trap
                0x000000008000db30        0x0 ./user/main.o
 .rela.text.handle_m_ext_interrupt
                0x000000008000db30        0x0 ./user/main.o
 .rela.text.Software_IRQHandler
                0x000000008000db30        0x0 ./user/main.o
 .rela.text.write_hex
                0x000000008000db30        0x0 ./user/main.o
 .rela.sdata.curbrk.3456
                0x000000008000db30        0x0 ./user/main.o
 .rela.text._sbrk
                0x000000008000db30        0x0 ./user/main.o
 .rela.text._isatty
                0x000000008000db30        0x0 ./user/main.o
 .rela.text.stub
                0x000000008000db30        0x0 ./user/main.o
 .rela.text._fstat
                0x000000008000db30        0x0 ./user/main.o
 .rela.text.osTickStart
                0x000000008000db30        0x0 ./user/main.o
 .rela.text.SysTick_Handler
                0x000000008000db30        0x0 ./user/main.o
 .rela.text.LOS_EvbSetup
                0x000000008000db30        0x0 ./user/main.o
 .rela.text.LOS_EvbTrace
                0x000000008000db30        0x0 ./user/main.o
 .rela.text.LOS_EvbKeyInit
                0x000000008000db30        0x0 ./user/main.o
 .rela.text.LOS_EvbGetKeyVal
                0x000000008000db30        0x0 ./user/main.o
 .rela.text.LOS_EvbLedInit
                0x000000008000db30        0x0 ./user/main.o
 .rela.text.LOS_EvbLedControl
                0x000000008000db30        0x0 ./user/main.o
 .rela.text.LOS_EvbUartInit
                0x000000008000db30        0x0 ./user/main.o
 .rela.text.LOS_EvbUartWriteByte
                0x000000008000db30        0x0 ./user/main.o
 .rela.text.LOS_EvbUartWriteStr
                0x000000008000db30        0x0 ./user/main.o
 .rela.text.LOS_EvbUartReadByte
                0x000000008000db30        0x0 ./user/main.o
 .rela.text.LOS_EvbUartPrintf
                0x000000008000db30        0x0 ./user/main.o
 .rela.text     0x000000008000db30        0x0 ./user/main.o
 .rela.text.LOS_Schedule
                0x000000008000db30        0x0 ./user/main.o
 .rela.text.osTskStackInit
                0x000000008000db30        0x0 ./user/main.o
 .rela.text.LOS_TickHandler
                0x000000008000db30        0x0 ./user/main.o
 .rela.text.LOS_SetTickSycle
                0x000000008000db30        0x0 ./user/main.o
 .rela.text.LOS_GetCpuCycle
                0x000000008000db30        0x0 ./user/main.o
 .rela.text.osRegister
                0x000000008000db30        0x0 ./user/main.o
 .rela.text.osMain
                0x000000008000db30        0x0 ./user/main.o
 .rela.text.LOS_Msleep
                0x000000008000db30        0x0 ./user/main.o
 .rela.text.LOS_MemboxClr
                0x000000008000db30        0x0 ./user/main.o
 .rela.text.osMemSystemInit
                0x000000008000db30        0x0 ./user/main.o
 .rela.text.osMemFindSuitableFreeBlock
                0x000000008000db30        0x0 ./user/main.o
 .rela.text.osMemSpitNode
                0x000000008000db30        0x0 ./user/main.o
 .rela.text.osMemFreeNode
                0x000000008000db30        0x0 ./user/main.o
 .rela.text.osMemSetMagicNumAndTaskid
                0x000000008000db30        0x0 ./user/main.o
 .rela.text.osMemAllocWithCheck
                0x000000008000db30        0x0 ./user/main.o
 .rela.text.osMemReAllocSmaller
                0x000000008000db30        0x0 ./user/main.o
 .rela.text.osMemMergeNodeForReAllocBigger
                0x000000008000db30        0x0 ./user/main.o
 .rela.text.LOS_MemInit
                0x000000008000db30        0x0 ./user/main.o
 .rela.text.LOS_MemRealloc
                0x000000008000db30        0x0 ./user/main.o
 .rela.text.osTaskMemUsedInc
                0x000000008000db30        0x0 ./user/main.o
 .rela.text.osTaskMemUsedDec
                0x000000008000db30        0x0 ./user/main.o
 .rela.text.osTaskMemUsage
                0x000000008000db30        0x0 ./user/main.o
 .rela.text.LOS_EventRead
                0x000000008000db30        0x0 ./user/main.o
 .rela.text.LOS_EventWrite
                0x000000008000db30        0x0 ./user/main.o
 .rela.text.osMuxInit
                0x000000008000db30        0x0 ./user/main.o
 .rela.text.LOS_MuxCreate
                0x000000008000db30        0x0 ./user/main.o
 .rela.text.LOS_MuxDelete
                0x000000008000db30        0x0 ./user/main.o
 .rela.text.LOS_MuxPend
                0x000000008000db30        0x0 ./user/main.o
 .rela.text.LOS_MuxPost
                0x000000008000db30        0x0 ./user/main.o
 .rela.text.osQueueInit
                0x000000008000db30        0x0 ./user/main.o
 .rela.text.osQueueCreate
                0x000000008000db30        0x0 ./user/main.o
 .rela.text.osQueuePend
                0x000000008000db30        0x0 ./user/main.o
 .rela.text.osQueueWakeUp
                0x000000008000db30        0x0 ./user/main.o
 .rela.text.LOS_QueueRead
                0x000000008000db30        0x0 ./user/main.o
 .rela.text.LOS_QueueWrite
                0x000000008000db30        0x0 ./user/main.o
 .rela.text.osQueueMailAlloc
                0x000000008000db30        0x0 ./user/main.o
 .rela.text.osQueueMailFree
                0x000000008000db30        0x0 ./user/main.o
 .rela.text.LOS_QueueDelete
                0x000000008000db30        0x0 ./user/main.o
 .rela.text.osSemInit
                0x000000008000db30        0x0 ./user/main.o
 .rela.text.LOS_SemCreate
                0x000000008000db30        0x0 ./user/main.o
 .rela.text.LOS_SemDelete
                0x000000008000db30        0x0 ./user/main.o
 .rela.text.LOS_SemPend
                0x000000008000db30        0x0 ./user/main.o
 .rela.text.LOS_SemPost
                0x000000008000db30        0x0 ./user/main.o
 .rela.text.osPriqueueInit
                0x000000008000db30        0x0 ./user/main.o
 .rela.text.LOS_PriqueueEnqueue
                0x000000008000db30        0x0 ./user/main.o
 .rela.text.LOS_PriqueueTop
                0x000000008000db30        0x0 ./user/main.o
 .rela.text.LOS_PriqueueSize
                0x000000008000db30        0x0 ./user/main.o
 .rela.text.osSwTmrTask
                0x000000008000db30        0x0 ./user/main.o
 .rela.text.osSwTmrTaskCreate
                0x000000008000db30        0x0 ./user/main.o
 .rela.text.osSwTmrInit
                0x000000008000db30        0x0 ./user/main.o
 .rela.text.osSwTmrStart
                0x000000008000db30        0x0 ./user/main.o
 .rela.text.osSwtmrDelete
                0x000000008000db30        0x0 ./user/main.o
 .rela.text.osSwTmrTimeoutHandle
                0x000000008000db30        0x0 ./user/main.o
 .rela.text.osSwtmrScan
                0x000000008000db30        0x0 ./user/main.o
 .rela.text.osSwTmrGetNextTimeout
                0x000000008000db30        0x0 ./user/main.o
 .rela.text.osSwTmrAdjust
                0x000000008000db30        0x0 ./user/main.o
 .rela.text.osSwtmrStop
                0x000000008000db30        0x0 ./user/main.o
 .rela.text.LOS_SwtmrCreate
                0x000000008000db30        0x0 ./user/main.o
 .rela.text.LOS_SwtmrStart
                0x000000008000db30        0x0 ./user/main.o
 .rela.text.LOS_SwtmrStop
                0x000000008000db30        0x0 ./user/main.o
 .rela.text.LOS_SwtmrDelete
                0x000000008000db30        0x0 ./user/main.o
 .rela.text.LOS_TickCountGet
                0x000000008000db30        0x0 ./user/main.o
 .rela.text.LOS_MS2Tick
                0x000000008000db30        0x0 ./user/main.o
 .rela.text.LOS_Tick2MS
                0x000000008000db30        0x0 ./user/main.o
 .rela.text.osCpuTick2MS
                0x000000008000db30        0x0 ./user/main.o
 .rela.text.osCpuTick2US
                0x000000008000db30        0x0 ./user/main.o
 .rela.text.osTaskAdd2TimerList
                0x000000008000db30        0x0 ./user/main.o
 .rela.text.osTimerListDelete
                0x000000008000db30        0x0 ./user/main.o
 .rela.text.osTaskScan
                0x000000008000db30        0x0 ./user/main.o
 .rela.text.osTaskInit
                0x000000008000db30        0x0 ./user/main.o
 .rela.text.osIdleTaskCreate
                0x000000008000db30        0x0 ./user/main.o
 .rela.text.LOS_CurTaskIDGet
                0x000000008000db30        0x0 ./user/main.o
 .rela.text.osTaskSelfDelete
                0x000000008000db30        0x0 ./user/main.o
 .rela.text.osTaskEntry
                0x000000008000db30        0x0 ./user/main.o
 .rela.text.LOS_TaskCreateOnly
                0x000000008000db30        0x0 ./user/main.o
 .rela.text.LOS_TaskCreate
                0x000000008000db30        0x0 ./user/main.o
 .rela.text.LOS_TaskResume
                0x000000008000db30        0x0 ./user/main.o
 .rela.text.LOS_TaskSuspend
                0x000000008000db30        0x0 ./user/main.o
 .rela.text.LOS_TaskDelete
                0x000000008000db30        0x0 ./user/main.o
 .rela.text.LOS_TaskDelay
                0x000000008000db30        0x0 ./user/main.o
 .rela.text.LOS_TaskPriGet
                0x000000008000db30        0x0 ./user/main.o
 .rela.text.LOS_TaskPriSet
                0x000000008000db30        0x0 ./user/main.o
 .rela.text.LOS_CurTaskPriSet
                0x000000008000db30        0x0 ./user/main.o
 .rela.text.LOS_TaskYield
                0x000000008000db30        0x0 ./user/main.o
 .rela.text.LOS_TaskLock
                0x000000008000db30        0x0 ./user/main.o
 .rela.text.LOS_TaskUnlock
                0x000000008000db30        0x0 ./user/main.o
 .rela.text.osTickHandler
                0x000000008000db30        0x0 ./user/main.o
 .rela.text.osTimesliceInit
                0x000000008000db30        0x0 ./user/main.o
 .rela.text.osTimesliceCheck
                0x000000008000db30        0x0 ./user/main.o
 .rela.text.Example_Dyn_Mem
                0x000000008000db30        0x0 ./user/main.o
 .rela.text.Example_Event
                0x000000008000db30        0x0 ./user/main.o
 .rela.text.Example_SndRcvEvent
                0x000000008000db30        0x0 ./user/main.o
 .rela.text.Example_list
                0x000000008000db30        0x0 ./user/main.o
 .rela.text.recv_Entry
                0x000000008000db30        0x0 ./user/main.o
 .rela.text.Example_MsgQueue
                0x000000008000db30        0x0 ./user/main.o
 .rela.text.Example_MutexTask1
                0x000000008000db30        0x0 ./user/main.o
 .rela.text.Example_MutexTask2
                0x000000008000db30        0x0 ./user/main.o
 .rela.text.Example_MutexLock
                0x000000008000db30        0x0 ./user/main.o
 .rela.text.Example_SemTask1
                0x000000008000db30        0x0 ./user/main.o
 .rela.text.Example_Semphore
                0x000000008000db30        0x0 ./user/main.o
 .rela.text.Example_StaticMem
                0x000000008000db30        0x0 ./user/main.o
 .rela.text.Example_GetTick
                0x000000008000db30        0x0 ./user/main.o
 .rela.text.Example_TaskHi
                0x000000008000db30        0x0 ./user/main.o
 .rela.text.Example_TaskLo
                0x000000008000db30        0x0 ./user/main.o
 .rela.text.Example_TskCaseEntry
                0x000000008000db30        0x0 ./user/main.o
 .rela.text.Timer2_Callback
                0x000000008000db30        0x0 ./user/main.o
 .rela.text.Example_swTimer
                0x000000008000db30        0x0 ./user/main.o
 .rela.text.LOS_Demo_Entry
                0x000000008000db30        0x0 ./user/main.o
 .rela.text.LOS_InspectByID
                0x000000008000db30        0x0 ./user/main.o
 .rela.text.LOS_Inspect_TskDeal
                0x000000008000db30        0x0 ./user/main.o
 .rela.text.LOS_Inspect_Entry
                0x000000008000db30        0x0 ./user/main.o
 .rela.text.__udivdi3
                0x000000008000db30        0x0 ./user/main.o
 .rela.text.__divdf3
                0x000000008000db30        0x0 ./user/main.o
 .rela.text.__floatundidf
                0x000000008000db30        0x0 ./user/main.o
 .rela.text._printf_r
                0x000000008000db30        0x0 ./user/main.o
 .rela.text.printf
                0x000000008000db30        0x0 ./user/main.o
 .rela.text.write
                0x000000008000db30        0x0 ./user/main.o
 .rela.text._vsprintf_r
                0x000000008000db30        0x0 ./user/main.o
 .rela.text.vsprintf
                0x000000008000db30        0x0 ./user/main.o
 .rela.text._write_r
                0x000000008000db30        0x0 ./user/main.o
 .rela.text._cleanup_r
                0x000000008000db30        0x0 ./user/main.o
 .rela.text.std.isra.0
                0x000000008000db30        0x0 ./user/main.o
 .rela.text.__sfmoreglue
                0x000000008000db30        0x0 ./user/main.o
 .rela.text._cleanup
                0x000000008000db30        0x0 ./user/main.o
 .rela.text.__sinit
                0x000000008000db30        0x0 ./user/main.o
 .rela.text.__sfp
                0x000000008000db30        0x0 ./user/main.o
 .rela.text.__fp_lock_all
                0x000000008000db30        0x0 ./user/main.o
 .rela.text.__fp_unlock_all
                0x000000008000db30        0x0 ./user/main.o
 .rela.text._malloc_r
                0x000000008000db30        0x0 ./user/main.o
 .rela.text.__ssputs_r
                0x000000008000db30        0x0 ./user/main.o
 .rela.text.__ssprint_r
                0x000000008000db30        0x0 ./user/main.o
 .rela.text._svfprintf_r
                0x000000008000db30        0x0 ./user/main.o
 .rela.text.__sfputc_r
                0x000000008000db30        0x0 ./user/main.o
 .rela.text.__sprint_r
                0x000000008000db30        0x0 ./user/main.o
 .rela.text._vfprintf_r
                0x000000008000db30        0x0 ./user/main.o
 .rela.text._printf_i
                0x000000008000db30        0x0 ./user/main.o
 .rela.text._sbrk_r
                0x000000008000db30        0x0 ./user/main.o
 .rela.text.__sread
                0x000000008000db30        0x0 ./user/main.o
 .rela.text.__swrite
                0x000000008000db30        0x0 ./user/main.o
 .rela.text.__sseek
                0x000000008000db30        0x0 ./user/main.o
 .rela.text.__sclose
                0x000000008000db30        0x0 ./user/main.o
 .rela.text.__swbuf_r
                0x000000008000db30        0x0 ./user/main.o
 .rela.text.__swsetup_r
                0x000000008000db30        0x0 ./user/main.o
 .rela.text._close_r
                0x000000008000db30        0x0 ./user/main.o
 .rela.text.__sflush_r
                0x000000008000db30        0x0 ./user/main.o
 .rela.text.__sfvwrite_r
                0x000000008000db30        0x0 ./user/main.o
 .rela.text._lseek_r
                0x000000008000db30        0x0 ./user/main.o
 .rela.text.__swhatbuf_r
                0x000000008000db30        0x0 ./user/main.o
 .rela.text.__smakebuf_r
                0x000000008000db30        0x0 ./user/main.o
 .rela.text._realloc_r
                0x000000008000db30        0x0 ./user/main.o
 .rela.text._read_r
                0x000000008000db30        0x0 ./user/main.o
 .rela.text._fstat_r
                0x000000008000db30        0x0 ./user/main.o
 .rela.text._isatty_r
                0x000000008000db30        0x0 ./user/main.o

.sdata          0x000000008000db30       0x10
                0x000000008000db30                __sdata_load = LOADADDR (.sdata)
                0x000000008000db30                __sdata_start = .
                0x000000008000e330                PROVIDE (__global_pointer$, (. + 0x800))
 *(.srodata.cst16)
 *(.srodata.cst8)
 *(.srodata.cst4)
 *(.srodata.cst2)
 *(.srodata*)
 *(.sdata .sdata.* .gnu.linkonce.s.*)
 .sdata.curbrk.3456
                0x000000008000db30        0x4 ./platform/M2S150_RV32/riscv_hal/syscall.o
 .sdata.g_use_ram_vect
                0x000000008000db34        0x1 ./platform/M2S150_RV32/los_bsp_adapter.o
                0x000000008000db34                g_use_ram_vect
 *fill*         0x000000008000db35        0x3 
 .sdata._global_impure_ptr
                0x000000008000db38        0x4 c:/microsemi/softconsole_v5.2.0.15/riscv-unknown-elf-gcc/bin/../lib/gcc/riscv64-unknown-elf/7.1.1/../../../../riscv64-unknown-elf/lib/rv32im/ilp32\libg_nano.a(lib_a-impure.o)
                0x000000008000db38                _global_impure_ptr
 .sdata._impure_ptr
                0x000000008000db3c        0x4 c:/microsemi/softconsole_v5.2.0.15/riscv-unknown-elf-gcc/bin/../lib/gcc/riscv64-unknown-elf/7.1.1/../../../../riscv64-unknown-elf/lib/rv32im/ilp32\libg_nano.a(lib_a-impure.o)
                0x000000008000db3c                _impure_ptr
                0x000000008000db40                . = ALIGN (0x10)
                0x000000008000db40                __sdata_end = .

.data           0x000000008000db40      0x1c0
                0x000000008000db40                __data_load = LOADADDR (.data)
                0x000000008000db40                __data_start = .
 *(.got.plt)
 *(.got)
 *(.shdata)
 *(.data .data.* .gnu.linkonce.d.*)
 .data.ext_irq_handler_table
                0x000000008000db40       0x80 ./platform/M2S150_RV32/riscv_hal/riscv_hal.o
                0x000000008000db40                ext_irq_handler_table
 .data.abuf     0x000000008000dbc0       0x12 ./example/api/los_api_msgqueue.o
                0x000000008000dbc0                abuf
 *fill*         0x000000008000dbd2        0x2 
 .data.gInspect
                0x000000008000dbd4       0xc8 ./example/api/los_inspect_entry.o
 .data.impure_data
                0x000000008000dc9c       0x60 c:/microsemi/softconsole_v5.2.0.15/riscv-unknown-elf-gcc/bin/../lib/gcc/riscv64-unknown-elf/7.1.1/../../../../riscv64-unknown-elf/lib/rv32im/ilp32\libg_nano.a(lib_a-impure.o)
                0x000000008000dd00                . = ALIGN (0x10)
 *fill*         0x000000008000dcfc        0x4 
                0x000000008000dd00                __data_end = .

.vector.bss     0x000000008000dd00      0x400
 .vector.bss    0x000000008000dd00      0x400 ./kernel/cpu/riscv/los_hwi.o
                0x000000008000dd00                m_pstHwiForm

.sbss           0x000000008000e100       0x40
                0x000000008000e100                __sbss_start = .
 *(.sbss .sbss.* .gnu.linkonce.sb.*)
 .sbss.g_systick_increment
                0x000000008000e100        0x8 ./platform/M2S150_RV32/riscv_hal/riscv_hal.o
 .sbss.g_ucycle_per_tick
                0x000000008000e108        0x4 ./platform/M2S150_RV32/los_bsp_adapter.o
 .sbss.g_vuwIntCount
                0x000000008000e10c        0x4 ./kernel/cpu/riscv/los_hwi.o
                0x000000008000e10c                g_vuwIntCount
 .sbss.g_sys_mem_addr_end
                0x000000008000e110        0x4 ./kernel/config/los_config.o
                0x000000008000e110                g_sys_mem_addr_end
 .sbss.g_pfnTskSwitchHook
                0x000000008000e114        0x4 ./kernel/base/core/los_task.o
                0x000000008000e114                g_pfnTskSwitchHook
 .sbss.g_uwQueue
                0x000000008000e118        0x4 ./example/api/los_api_msgqueue.o
 .sbss.g_TestTaskID01
                0x000000008000e11c        0x4 ./example/api/los_api_sem.o
 .sbss.g_TestTaskID02
                0x000000008000e120        0x4 ./example/api/los_api_sem.o
 .sbss.g_usSemID
                0x000000008000e124        0x4 ./example/api/los_api_sem.o
 .sbss.g_timercount1
                0x000000008000e128        0x4 ./example/api/los_api_timer.o
                0x000000008000e128                g_timercount1
 .sbss.g_timercount2
                0x000000008000e12c        0x4 ./example/api/los_api_timer.o
                0x000000008000e12c                g_timercount2
 .sbss.gInspectErrCnt
                0x000000008000e130        0x4 ./example/api/los_inspect_entry.o
 .sbss.g_uwDemoTaskID
                0x000000008000e134        0x4 ./example/api/los_inspect_entry.o
 .sbss.__malloc_free_list
                0x000000008000e138        0x4 c:/microsemi/softconsole_v5.2.0.15/riscv-unknown-elf-gcc/bin/../lib/gcc/riscv64-unknown-elf/7.1.1/../../../../riscv64-unknown-elf/lib/rv32im/ilp32\libg_nano.a(lib_a-nano-mallocr.o)
                0x000000008000e138                __malloc_free_list
 .sbss.__malloc_sbrk_start
                0x000000008000e13c        0x4 c:/microsemi/softconsole_v5.2.0.15/riscv-unknown-elf-gcc/bin/../lib/gcc/riscv64-unknown-elf/7.1.1/../../../../riscv64-unknown-elf/lib/rv32im/ilp32\libg_nano.a(lib_a-nano-mallocr.o)
                0x000000008000e13c                __malloc_sbrk_start
 *(.scommon)
                0x000000008000e140                . = ALIGN (0x10)
                0x000000008000e140                __sbss_end = .

.bss            0x000000008000e140    0x104c0
                0x000000008000e140                __bss_start = .
 *(.shbss)
 *(.bss .bss.* .gnu.linkonce.b.*)
 .bss._buffer   0x000000008000e140       0x80 ./platform/M2S150_RV32/los_bsp_uart.o
 *(COMMON)